Component: Arm Compiler for Embedded 6.24 Tool: armlink [5f371500]

==============================================================================

Section Cross References

    startup_stm32f407xx.o(STACK) refers (Special) to heapauxi.o(.text) for __use_two_region_memory
    startup_stm32f407xx.o(HEAP) refers (Special) to heapauxi.o(.text) for __use_two_region_memory
    startup_stm32f407xx.o(RESET) refers (Special) to heapauxi.o(.text) for __use_two_region_memory
    startup_stm32f407xx.o(RESET) refers to startup_stm32f407xx.o(STACK) for __initial_sp
    startup_stm32f407xx.o(RESET) refers to startup_stm32f407xx.o(.text) for Reset_Handler
    startup_stm32f407xx.o(RESET) refers to stm32f4xx_it.o(.text.NMI_Handler) for NMI_Handler
    startup_stm32f407xx.o(RESET) refers to stm32f4xx_it.o(.text.HardFault_Handler) for HardFault_Handler
    startup_stm32f407xx.o(RESET) refers to stm32f4xx_it.o(.text.MemManage_Handler) for MemManage_Handler
    startup_stm32f407xx.o(RESET) refers to stm32f4xx_it.o(.text.BusFault_Handler) for BusFault_Handler
    startup_stm32f407xx.o(RESET) refers to stm32f4xx_it.o(.text.UsageFault_Handler) for UsageFault_Handler
    startup_stm32f407xx.o(RESET) refers to stm32f4xx_it.o(.text.SVC_Handler) for SVC_Handler
    startup_stm32f407xx.o(RESET) refers to stm32f4xx_it.o(.text.DebugMon_Handler) for DebugMon_Handler
    startup_stm32f407xx.o(RESET) refers to stm32f4xx_it.o(.text.PendSV_Handler) for PendSV_Handler
    startup_stm32f407xx.o(RESET) refers to stm32f4xx_it.o(.text.SysTick_Handler) for SysTick_Handler
    startup_stm32f407xx.o(.text) refers (Special) to heapauxi.o(.text) for __use_two_region_memory
    startup_stm32f407xx.o(.text) refers to system_stm32f4xx.o(.text.SystemInit) for SystemInit
    startup_stm32f407xx.o(.text) refers to __main.o(!!!main) for __main
    startup_stm32f407xx.o(.text) refers to startup_stm32f407xx.o(HEAP) for Heap_Mem
    startup_stm32f407xx.o(.text) refers to startup_stm32f407xx.o(STACK) for Stack_Mem
    main.o(.text.main) refers to stm32f4xx_hal.o(.text.HAL_Init) for HAL_Init
    main.o(.text.main) refers to main.o(.text.SystemClock_Config) for SystemClock_Config
    main.o(.text.main) refers to gpio.o(.text.MX_GPIO_Init) for MX_GPIO_Init
    main.o(.text.main) refers to spi.o(.text.MX_SPI2_Init) for MX_SPI2_Init
    main.o(.text.main) refers to lcd_bus.o(.text.LCD_Bus_Init) for LCD_Bus_Init
    main.o(.text.main) refers to lcd.o(.text.TFT_init) for TFT_init
    main.o(.text.main) refers to stm32f4xx_hal_gpio.o(.text.HAL_GPIO_WritePin) for HAL_GPIO_WritePin
    main.o(.text.main) refers to lcd_font.o(.text.CHECK_FALSH) for CHECK_FALSH
    main.o(.text.main) refers to lcd.o(.text.TFT_full) for TFT_full
    main.o(.text.main) refers to lcd_font.o(.text.SET_FONT_STYLE) for SET_FONT_STYLE
    main.o(.text.main) refers to lcd_font.o(.text.DIS_CHINESE_AUTO) for DIS_CHINESE_AUTO
    main.o(.text.main) refers to lcd_font.o(.text.LCD_DisplayFloat) for LCD_DisplayFloat
    main.o(.text.main) refers to lcd_font.o(.text.DIS_CHINESE) for DIS_CHINESE
    main.o(.text.main) refers to stm32f4xx_hal_gpio.o(.text.HAL_GPIO_TogglePin) for HAL_GPIO_TogglePin
    main.o(.text.main) refers to stm32f4xx_hal.o(.text.HAL_Delay) for HAL_Delay
    main.o(.ARM.exidx.text.main) refers to main.o(.text.main) for [Anonymous Symbol]
    main.o(.text.SystemClock_Config) refers to rt_memclr_w.o(.text) for __aeabi_memclr4
    main.o(.text.SystemClock_Config) refers to stm32f4xx_hal_rcc.o(.text.HAL_RCC_OscConfig) for HAL_RCC_OscConfig
    main.o(.text.SystemClock_Config) refers to stm32f4xx_hal_rcc.o(.text.HAL_RCC_ClockConfig) for HAL_RCC_ClockConfig
    main.o(.ARM.exidx.text.SystemClock_Config) refers to main.o(.text.SystemClock_Config) for [Anonymous Symbol]
    main.o(.ARM.exidx.text.Error_Handler) refers to main.o(.text.Error_Handler) for [Anonymous Symbol]
    gpio.o(.text.MX_GPIO_Init) refers to stm32f4xx_hal_gpio.o(.text.HAL_GPIO_WritePin) for HAL_GPIO_WritePin
    gpio.o(.text.MX_GPIO_Init) refers to stm32f4xx_hal_gpio.o(.text.HAL_GPIO_Init) for HAL_GPIO_Init
    gpio.o(.ARM.exidx.text.MX_GPIO_Init) refers to gpio.o(.text.MX_GPIO_Init) for [Anonymous Symbol]
    spi.o(.text.MX_SPI2_Init) refers to spi.o(.bss.hspi2) for hspi2
    spi.o(.text.MX_SPI2_Init) refers to stm32f4xx_hal_spi.o(.text.HAL_SPI_Init) for HAL_SPI_Init
    spi.o(.text.MX_SPI2_Init) refers to main.o(.text.Error_Handler) for Error_Handler
    spi.o(.ARM.exidx.text.MX_SPI2_Init) refers to spi.o(.text.MX_SPI2_Init) for [Anonymous Symbol]
    stm32f4xx_it.o(.ARM.exidx.text.NMI_Handler) refers to stm32f4xx_it.o(.text.NMI_Handler) for [Anonymous Symbol]
    stm32f4xx_it.o(.ARM.exidx.text.HardFault_Handler) refers to stm32f4xx_it.o(.text.HardFault_Handler) for [Anonymous Symbol]
    stm32f4xx_it.o(.ARM.exidx.text.MemManage_Handler) refers to stm32f4xx_it.o(.text.MemManage_Handler) for [Anonymous Symbol]
[...]
    Removing lcd_font.o(.ARM.exidx.text.W25QXX_Read), (8 bytes).
    Removing lcd_font.o(.ARM.exidx.text.CHECK_FALSH), (8 bytes).
    Removing lcd_font.o(.ARM.exidx.text.SET_FONT_STYLE), (8 bytes).
    Removing lcd_font.o(.ARM.exidx.text.DIS_CHINESE), (8 bytes).
    Removing lcd_font.o(.ARM.exidx.text.DIS_CHINESE_AUTO), (8 bytes).
    Removing lcd_font.o(.ARM.exidx.text.LCD_DisplayFloat), (8 bytes).
    Removing lcd_font.o(.text.LCD_DisplayNumber), (276 bytes).
    Removing lcd_font.o(.ARM.exidx.text.LCD_DisplayNumber), (8 bytes).

445 unused section(s) (total 18668 bytes) removed from the image.

==============================================================================

Image Symbol Table

    Local Symbols

    Symbol Name                              Value     Ov Type        Size  Object(Section)

    ../clib/angel/boardlib.s                 0x00000000   Number         0  boardinit1.o ABSOLUTE
    ../clib/angel/boardlib.s                 0x00000000   Number         0  boardinit2.o ABSOLUTE
    ../clib/angel/boardlib.s                 0x00000000   Number         0  boardinit3.o ABSOLUTE
    ../clib/angel/boardlib.s                 0x00000000   Number         0  boardshut.o ABSOLUTE
    ../clib/angel/handlers.s                 0x00000000   Number         0  __scatter_copy.o ABSOLUTE
    ../clib/angel/handlers.s                 0x00000000   Number         0  __scatter_zi.o ABSOLUTE
    ../clib/angel/kernel.s                   0x00000000   Number         0  __rtentry.o ABSOLUTE
    ../clib/angel/kernel.s                   0x00000000   Number         0  __rtentry2.o ABSOLUTE
    ../clib/angel/kernel.s                   0x00000000   Number         0  __rtentry4.o ABSOLUTE
    ../clib/angel/kernel.s                   0x00000000   Number         0  rtexit.o ABSOLUTE
    ../clib/angel/kernel.s                   0x00000000   Number         0  rtexit2.o ABSOLUTE
    ../clib/angel/rt.s                       0x00000000   Number         0  aeabi_ldiv0.o ABSOLUTE
    ../clib/angel/rt.s                       0x00000000   Number         0  aeabi_ldiv0_sigfpe.o ABSOLUTE
    ../clib/angel/rt.s                       0x00000000   Number         0  rt_div0.o ABSOLUTE
    ../clib/angel/rt.s                       0x00000000   Number         0  rt_locale.o ABSOLUTE
    ../clib/angel/rt.s                       0x00000000   Number         0  rt_locale_intlibspace.o ABSOLUTE
    ../clib/angel/rt.s                       0x00000000   Number         0  rt_raise.o ABSOLUTE
    ../clib/angel/scatter.s                  0x00000000   Number         0  __scatter.o ABSOLUTE
    ../clib/angel/startup.s                  0x00000000   Number         0  __main.o ABSOLUTE
    ../clib/angel/sys.s                      0x00000000   Number         0  libspace.o ABSOLUTE
    ../clib/angel/sys.s                      0x00000000   Number         0  sys_stackheap_outer.o ABSOLUTE
    ../clib/angel/sys.s                      0x00000000   Number         0  use_no_semi.o ABSOLUTE
    ../clib/angel/sys.s                      0x00000000   Number         0  indicate_semi.o ABSOLUTE
    ../clib/angel/sysapp.c                   0x00000000   Number         0  sys_exit.o ABSOLUTE
    ../clib/angel/sysapp.c                   0x00000000   Number         0  sys_exit_hlt.o ABSOLUTE
    ../clib/angel/sysapp.c                   0x00000000   Number         0  sys_wrch.o ABSOLUTE
    ../clib/angel/sysapp.c                   0x00000000   Number         0  sys_command.o ABSOLUTE
    ../clib/angel/sysapp.c                   0x00000000   Number         0  sys_wrch_hlt.o ABSOLUTE
    ../clib/angel/sysapp.c                   0x00000000   Number         0  sys_command_hlt.o ABSOLUTE
    ../clib/armsys.c                         0x00000000   Number         0  argv_veneer.o ABSOLUTE
    ../clib/armsys.c                         0x00000000   Number         0  argv_veneer.o ABSOLUTE
    ../clib/armsys.c                         0x00000000   Number         0  _get_argv_nomalloc.o ABSOLUTE
    ../clib/armsys.c                         0x00000000   Number         0  no_argv.o ABSOLUTE
    ../clib/bigflt.c                         0x00000000   Number         0  bigflt0.o ABSOLUTE
    ../clib/btod.s                           0x00000000   Number         0  btod.o ABSOLUTE
    ../clib/btod_accurate.c                  0x00000000   Number         0  btod_accurate.o ABSOLUTE
    ../clib/btod_accurate.c                  0x00000000   Number         0  btod_accurate_common.o ABSOLUTE
    ../clib/heapalloc.c                      0x00000000   Number         0  hrguard.o ABSOLUTE
    ../clib/heapaux.c                        0x00000000   Number         0  heapauxi.o ABSOLUTE
    ../clib/libinit.s                        0x00000000   Number         0  libinit.o ABSOLUTE
    ../clib/libinit.s                        0x00000000   Number         0  libinit2.o ABSOLUTE
    ../clib/libinit.s                        0x00000000   Number         0  libshutdown.o ABSOLUTE
    ../clib/libinit.s                        0x00000000   Number         0  libshutdown2.o ABSOLUTE
    ../clib/locale.s                         0x00000000   Number         0  lc_numeric_c.o ABSOLUTE
    ../clib/longlong.s                       0x00000000   Number         0  lludivv7m.o ABSOLUTE
    ../clib/longlong.s                       0x00000000   Number         0  lludiv10.o ABSOLUTE
    ../clib/longlong.s                       0x00000000   Number         0  llushr.o ABSOLUTE
    ../clib/memcpset.s                       0x00000000   Number         0  aeabi_memset4.o ABSOLUTE
    ../clib/memcpset.s                       0x00000000   Number         0  rt_memclr_w.o ABSOLUTE
    ../clib/memcpset.s                       0x00000000   Number         0  strcmpv7em.o ABSOLUTE
    ../clib/misc.s                           0x00000000   Number         0  printf_stubs.o ABSOLUTE
    ../clib/printf.c                         0x00000000   Number         0  __2sprintf.o ABSOLUTE
    ../clib/printf.c                         0x00000000   Number         0  noretval__2sprintf.o ABSOLUTE
    ../clib/printf.c                         0x00000000   Number         0  __printf.o ABSOLUTE
    ../clib/printf.c                         0x00000000   Number         0  _printf_pad.o ABSOLUTE
    ../clib/printf.c                         0x00000000   Number         0  _printf_dec.o ABSOLUTE
    ../clib/printf.c                         0x00000000   Number         0  __printf_flags.o ABSOLUTE
    ../clib/printf.c                         0x00000000   Number         0  __printf_ss.o ABSOLUTE
    ../clib/printf.c                         0x00000000   Number         0  __printf_flags_ss.o ABSOLUTE
    ../clib/printf.c                         0x00000000   Number         0  __printf_wp.o ABSOLUTE
    ../clib/printf.c                         0x00000000   Number         0  __printf_flags_wp.o ABSOLUTE
    ../clib/printf.c                         0x00000000   Number         0  __printf_ss_wp.o ABSOLUTE
    ../clib/printf.c                         0x00000000   Number         0  __printf_flags_ss_wp.o ABSOLUTE
    ../clib/printf.c                         0x00000000   Number         0  _printf_intcommon.o ABSOLUTE
    ../clib/printf.c                         0x00000000   Number         0  _printf_fp_dec.o ABSOLUTE
    ../clib/printf.c                         0x00000000   Number         0  _printf_fp_dec_accurate.o ABSOLUTE
    ../clib/printf.c                         0x00000000   Number         0  _printf_fp_hex.o ABSOLUTE
    ../clib/printf.c                         0x00000000   Number         0  _printf_char_common.o ABSOLUTE
    ../clib/printf.c                         0x00000000   Number         0  _sputc.o ABSOLUTE
    ../clib/printf.c                         0x00000000   Number         0  _printf_fp_infnan.o ABSOLUTE
    ../clib/printf.c                         0x00000000   Number         0  __printf_nopercent.o ABSOLUTE
    ../clib/printf_percent.s                 0x00000000   Number         0  _printf_d.o ABSOLUTE
    ../clib/printf_percent.s                 0x00000000   Number         0  _printf_f.o ABSOLUTE
    ../clib/printf_percent.s                 0x00000000   Number         0  _printf_e.o ABSOLUTE
    ../clib/printf_percent.s                 0x00000000   Number         0  _printf_g.o ABSOLUTE
    ../clib/printf_percent.s                 0x00000000   Number         0  _printf_a.o ABSOLUTE
    ../clib/printf_percent.s                 0x00000000   Number         0  _printf_percent.o ABSOLUTE
    ../clib/printf_percent.s                 0x00000000   Number         0  _printf_percent_end.o ABSOLUTE
    ../clib/signal.c                         0x00000000   Number         0  defsig_fpe_outer.o ABSOLUTE
    ../clib/signal.c                         0x00000000   Number         0  defsig_fpe_formal.o ABSOLUTE
    ../clib/signal.c                         0x00000000   Number         0  defsig_exit.o ABSOLUTE
    ../clib/signal.c                         0x00000000   Number         0  defsig_fpe_inner.o ABSOLUTE
    ../clib/signal.c                         0x00000000   Number         0  __raise.o ABSOLUTE
    ../clib/signal.c                         0x00000000   Number         0  defsig_general.o ABSOLUTE
    ../clib/signal.c                         0x00000000   Number         0  defsig_rtmem_outer.o ABSOLUTE
    ../clib/signal.c                         0x00000000   Number         0  defsig_rtmem_formal.o ABSOLUTE
    ../clib/signal.c                         0x00000000   Number         0  defsig_abrt_inner.o ABSOLUTE
    ../clib/signal.c                         0x00000000   Number         0  defsig_rtred_inner.o ABSOLUTE
    ../clib/signal.c                         0x00000000   Number         0  defsig_rtmem_inner.o ABSOLUTE
    ../clib/signal.c                         0x00000000   Number         0  defsig_stak_inner.o ABSOLUTE
    ../clib/signal.c                         0x00000000   Number         0  defsig_pvfn_inner.o ABSOLUTE
    ../clib/signal.c                         0x00000000   Number         0  defsig_cppl_inner.o ABSOLUTE
    ../clib/signal.c                         0x00000000   Number         0  defsig_segv_inner.o ABSOLUTE
    ../clib/signal.c                         0x00000000   Number         0  defsig_other.o ABSOLUTE
    ../clib/signal.s                         0x00000000   Number         0  defsig.o ABSOLUTE
    ../clib/stdlib.c                         0x00000000   Number         0  exit.o ABSOLUTE
    ../fplib/fpinit.s                        0x00000000   Number         0  fpinit.o ABSOLUTE
    ../fplib/istatus.s                       0x00000000   Number         0  istatus.o ABSOLUTE
    ../fplib/printf1.s                       0x00000000   Number         0  printf1.o ABSOLUTE
    ../fplib/printf2.s                       0x00000000   Number         0  printf2.o ABSOLUTE
    ../fplib/printf2a.s                      0x00000000   Number         0  printf2a.o ABSOLUTE
    ../fplib/printf2b.s                      0x00000000   Number         0  printf2b.o ABSOLUTE
    ../fplib/usenofp.s                       0x00000000   Number         0  usenofp.o ABSOLUTE
    ../mathlib/fpclassify.c                  0x00000000   Number         0  fpclassify.o ABSOLUTE
    dc.s                                     0x00000000   Number         0  dc.o ABSOLUTE
    gpio.c                                   0x00000000   Number         0  gpio.o ABSOLUTE
    lcd.c                                    0x00000000   Number         0  lcd.o ABSOLUTE
    lcd_bus.c                                0x00000000   Number         0  lcd_bus.o ABSOLUTE
    lcd_font.c                               0x00000000   Number         0  lcd_font.o ABSOLUTE
    main.c                                   0x00000000   Number         0  main.o ABSOLUTE
    spi.c                                    0x00000000   Number         0  spi.o ABSOLUTE
    startup_stm32f407xx.s                    0x00000000   Number         0  startup_stm32f407xx.o ABSOLUTE
    stm32f4xx_hal.c                          0x00000000   Number         0  stm32f4xx_hal.o ABSOLUTE
    stm32f4xx_hal_cortex.c                   0x00000000   Number         0  stm32f4xx_hal_cortex.o ABSOLUTE
    stm32f4xx_hal_dma.c                      0x00000000   Number         0  stm32f4xx_hal_dma.o ABSOLUTE
    stm32f4xx_hal_dma_ex.c                   0x00000000   Number         0  stm32f4xx_hal_dma_ex.o ABSOLUTE
    stm32f4xx_hal_exti.c                     0x00000000   Number         0  stm32f4xx_hal_exti.o ABSOLUTE
    stm32f4xx_hal_flash.c                    0x00000000   Number         0  stm32f4xx_hal_flash.o ABSOLUTE
    stm32f4xx_hal_flash_ex.c                 0x00000000   Number         0  stm32f4xx_hal_flash_ex.o ABSOLUTE
    stm32f4xx_hal_flash_ramfunc.c            0x00000000   Number         0  stm32f4xx_hal_flash_ramfunc.o ABSOLUTE
    stm32f4xx_hal_gpio.c                     0x00000000   Number         0  stm32f4xx_hal_gpio.o ABSOLUTE
    stm32f4xx_hal_msp.c                      0x00000000   Number         0  stm32f4xx_hal_msp.o ABSOLUTE
    stm32f4xx_hal_pwr.c                      0x00000000   Number         0  stm32f4xx_hal_pwr.o ABSOLUTE
    stm32f4xx_hal_pwr_ex.c                   0x00000000   Number         0  stm32f4xx_hal_pwr_ex.o ABSOLUTE
    stm32f4xx_hal_rcc.c                      0x00000000   Number         0  stm32f4xx_hal_rcc.o ABSOLUTE
    stm32f4xx_hal_rcc_ex.c                   0x00000000   Number         0  stm32f4xx_hal_rcc_ex.o ABSOLUTE
    stm32f4xx_hal_spi.c                      0x00000000   Number         0  stm32f4xx_hal_spi.o ABSOLUTE
    stm32f4xx_it.c                           0x00000000   Number         0  stm32f4xx_it.o ABSOLUTE
    system_stm32f4xx.c                       0x00000000   Number         0  system_stm32f4xx.o ABSOLUTE
    RESET                                    0x08000000   Section      392  startup_stm32f407xx.o(RESET)
    !!!main                                  0x08000188   Section        8  __main.o(!!!main)
    !!!scatter                               0x08000190   Section       92  __scatter.o(!!!scatter)
    !!handler_copy                           0x080001ec   Section       26  __scatter_copy.o(!!handler_copy)
    !!handler_null                           0x08000208   Section        2  __scatter.o(!!handler_null)
    !!handler_zi                             0x0800020c   Section       28  __scatter_zi.o(!!handler_zi)
    .ARM.Collect$$_printf_percent$$00000000  0x08000228   Section        0  _printf_percent.o(.ARM.Collect$$_printf_percent$$00000000)
    .ARM.Collect$$_printf_percent$$00000003  0x08000228   Section        6  _printf_f.o(.ARM.Collect$$_printf_percent$$00000003)
    .ARM.Collect$$_printf_percent$$00000004  0x0800022e   Section        6  _printf_e.o(.ARM.Collect$$_printf_percent$$00000004)
    .ARM.Collect$$_printf_percent$$00000005  0x08000234   Section        6  _printf_g.o(.ARM.Collect$$_printf_percent$$00000005)
    .ARM.Collect$$_printf_percent$$00000006  0x0800023a   Section        6  _printf_a.o(.ARM.Collect$$_printf_percent$$00000006)
    .ARM.Collect$$_printf_percent$$00000009  0x08000240   Section        6  _printf_d.o(.ARM.Collect$$_printf_percent$$00000009)
    .ARM.Collect$$_printf_percent$$00000017  0x08000246   Section        4  _printf_percent_end.o(.ARM.Collect$$_printf_percent$$00000017)
    .ARM.Collect$$libinit$$00000000          0x0800024a   Section        2  libinit.o(.ARM.Collect$$libinit$$00000000)
    .ARM.Collect$$libinit$$00000001          0x0800024c   Section        4  libinit2.o(.ARM.Collect$$libinit$$00000001)
    .ARM.Collect$$libinit$$00000004          0x08000250   Section        0  libinit2.o(.ARM.Collect$$libinit$$00000004)
    .ARM.Collect$$libinit$$00000006          0x08000250   Section        0  libinit2.o(.ARM.Collect$$libinit$$00000006)
    .ARM.Collect$$libinit$$0000000C          0x08000250   Section        0  libinit2.o(.ARM.Collect$$libinit$$0000000C)
    .ARM.Collect$$libinit$$0000000E          0x08000250   Section        0  libinit2.o(.ARM.Collect$$libinit$$0000000E)
    .ARM.Collect$$libinit$$00000010          0x08000250   Section        0  libinit2.o(.ARM.Collect$$libinit$$00000010)
    .ARM.Collect$$libinit$$00000011          0x08000250   Section        6  libinit2.o(.ARM.Collect$$libinit$$00000011)
    .ARM.Collect$$libinit$$00000013          0x08000256   Section        0  libinit2.o(.ARM.Collect$$libinit$$00000013)
    .ARM.Collect$$libinit$$00000015          0x08000256   Section        0  libinit2.o(.ARM.Collect$$libinit$$00000015)
    .ARM.Collect$$libinit$$00000017          0x08000256   Section        0  libinit2.o(.ARM.Collect$$libinit$$00000017)
    .ARM.Collect$$libinit$$00000018          0x08000256   Section       10  libinit2.o(.ARM.Collect$$libinit$$00000018)
    .ARM.Collect$$libinit$$00000019          0x08000260   Section        0  libinit2.o(.ARM.Collect$$libinit$$00000019)
    .ARM.Collect$$libinit$$0000001B          0x08000260   Section        0  libinit2.o(.ARM.Collect$$libinit$$0000001B)
    .ARM.Collect$$libinit$$0000001D          0x08000260   Section        0  libinit2.o(.ARM.Collect$$libinit$$0000001D)
    .ARM.Collect$$libinit$$0000001F          0x08000260   Section        0  libinit2.o(.ARM.Collect$$libinit$$0000001F)
    .ARM.Collect$$libinit$$00000021          0x08000260   Section        0  libinit2.o(.ARM.Collect$$libinit$$00000021)
    .ARM.Collect$$libinit$$00000023          0x08000260   Section        0  libinit2.o(.ARM.Collect$$libinit$$00000023)
    .ARM.Collect$$libinit$$00000025          0x08000260   Section        0  libinit2.o(.ARM.Collect$$libinit$$00000025)
    .ARM.Collect$$libinit$$00000027          0x08000260   Section        0  libinit2.o(.ARM.Collect$$libinit$$00000027)
    .ARM.Collect$$libinit$$0000002E          0x08000260   Section        0  libinit2.o(.ARM.Collect$$libinit$$0000002E)
    .ARM.Collect$$libinit$$00000030          0x08000260   Section        0  libinit2.o(.ARM.Collect$$libinit$$00000030)
    .ARM.Collect$$libinit$$00000032          0x08000260   Section        0  libinit2.o(.ARM.Collect$$libinit$$00000032)
    .ARM.Collect$$libinit$$00000034          0x08000260   Section        0  libinit2.o(.ARM.Collect$$libinit$$00000034)
    .ARM.Collect$$libinit$$00000035          0x08000260   Section        2  libinit2.o(.ARM.Collect$$libinit$$00000035)
    .ARM.Collect$$libshutdown$$00000000      0x08000262   Section        2  libshutdown.o(.ARM.Collect$$libshutdown$$00000000)
    .ARM.Collect$$libshutdown$$00000002      0x08000264   Section        0  libshutdown2.o(.ARM.Collect$$libshutdown$$00000002)
    .ARM.Collect$$libshutdown$$00000004      0x08000264   Section        0  libshutdown2.o(.ARM.Collect$$libshutdown$$00000004)
    .ARM.Collect$$libshutdown$$00000007      0x08000264   Section        0  libshutdown2.o(.ARM.Collect$$libshutdown$$00000007)
    .ARM.Collect$$libshutdown$$0000000A      0x08000264   Section        0  libshutdown2.o(.ARM.Collect$$libshutdown$$0000000A)
    .ARM.Collect$$libshutdown$$0000000C      0x08000264   Section        0  libshutdown2.o(.ARM.Collect$$libshutdown$$0000000C)
    .ARM.Collect$$libshutdown$$0000000F      0x08000264   Section        0  libshutdown2.o(.ARM.Collect$$libshutdown$$0000000F)
    .ARM.Collect$$libshutdown$$00000010      0x08000264   Section        2  libshutdown2.o(.ARM.Collect$$libshutdown$$00000010)
    .ARM.Collect$$rtentry$$00000000          0x08000266   Section        0  __rtentry.o(.ARM.Collect$$rtentry$$00000000)
    .ARM.Collect$$rtentry$$00000002          0x08000266   Section        0  __rtentry2.o(.ARM.Collect$$rtentry$$00000002)
    .ARM.Collect$$rtentry$$00000004          0x08000266   Section        6  __rtentry4.o(.ARM.Collect$$rtentry$$00000004)
    .ARM.Collect$$rtentry$$00000009          0x0800026c   Section        0  __rtentry2.o(.ARM.Collect$$rtentry$$00000009)
    .ARM.Collect$$rtentry$$0000000A          0x0800026c   Section        4  __rtentry2.o(.ARM.Collect$$rtentry$$0000000A)
    .ARM.Collect$$rtentry$$0000000C          0x08000270   Section        0  __rtentry2.o(.ARM.Collect$$rtentry$$0000000C)
    .ARM.Collect$$rtentry$$0000000D          0x08000270   Section        8  __rtentry2.o(.ARM.Collect$$rtentry$$0000000D)
    .ARM.Collect$$rtexit$$00000000           0x08000278   Section        2  rtexit.o(.ARM.Collect$$rtexit$$00000000)
    .ARM.Collect$$rtexit$$00000002           0x0800027a   Section        0  rtexit2.o(.ARM.Collect$$rtexit$$00000002)
    .ARM.Collect$$rtexit$$00000003           0x0800027a   Section        4  rtexit2.o(.ARM.Collect$$rtexit$$00000003)
    .ARM.Collect$$rtexit$$00000004           0x0800027e   Section        6  rtexit2.o(.ARM.Collect$$rtexit$$00000004)
    $v0                                      0x08000284   Number         0  startup_stm32f407xx.o(.text)
    .text                                    0x08000284   Section       64  startup_stm32f407xx.o(.text)
    .text                                    0x080002c4   Section      240  lludivv7m.o(.text)
    .text                                    0x080003b4   Section        0  noretval__2sprintf.o(.text)
    .text                                    0x080003dc   Section        0  _printf_pad.o(.text)
    .text                                    0x0800042c   Section        0  _printf_dec.o(.text)
    .text                                    0x080004a4   Section        0  __printf_flags_ss_wp.o(.text)
    .text                                    0x0800062c   Section       16  aeabi_memset4.o(.text)
    .text                                    0x0800063c   Section       78  rt_memclr_w.o(.text)
    .text                                    0x0800068a   Section        0  heapauxi.o(.text)
    .text                                    0x08000690   Section        0  _printf_intcommon.o(.text)
    _fp_digits                               0x08000743   Thumb Code   432  _printf_fp_dec.o(.text)
    .text                                    0x08000742   Section        0  _printf_fp_dec.o(.text)
    .text                                    0x08000b60   Section        0  _printf_fp_hex.o(.text)
    _printf_input_char                       0x08000e5d   Thumb Code    10  _printf_char_common.o(.text)
    .text                                    0x08000e5c   Section        0  _printf_char_common.o(.text)
    .text                                    0x08000e8c   Section        0  _sputc.o(.text)
    .text                                    0x08000e98   Section        8  rt_locale_intlibspace.o(.text)
    .text                                    0x08000ea0   Section      138  lludiv10.o(.text)
    .text                                    0x08000f2c   Section        0  _printf_fp_infnan.o(.text)
    .text                                    0x08000fac   Section        0  bigflt0.o(.text)
    .text                                    0x08001090   Section        8  libspace.o(.text)
    .text                                    0x08001098   Section       74  sys_stackheap_outer.o(.text)
    .text                                    0x080010e2   Section        0  exit.o(.text)
    .text                                    0x080010f8   Section      124  strcmpv7em.o(.text)
    .text                                    0x08001174   Section        0  sys_exit.o(.text)
    .text                                    0x08001180   Section        2  use_no_semi.o(.text)
    .text                                    0x08001182   Section        0  indicate_semi.o(.text)
    [Anonymous Symbol]                       0x08001184   Section        0  stm32f4xx_it.o(.text.BusFault_Handler)
    [Anonymous Symbol]                       0x08001188   Section        0  lcd_font.o(.text.CHECK_FALSH)
    [Anonymous Symbol]                       0x08001358   Section        0  lcd_font.o(.text.DIS_CHINESE)
    [Anonymous Symbol]                       0x080019b0   Section        0  lcd_font.o(.text.DIS_CHINESE_AUTO)
    [Anonymous Symbol]                       0x08001b84   Section        0  stm32f4xx_it.o(.text.DebugMon_Handler)
    [Anonymous Symbol]                       0x08001b88   Section        0  main.o(.text.Error_Handler)
    [Anonymous Symbol]                       0x08001b90   Section        0  stm32f4xx_hal.o(.text.HAL_Delay)
    [Anonymous Symbol]                       0x08001bb8   Section        0  stm32f4xx_hal_gpio.o(.text.HAL_GPIO_Init)
    [Anonymous Symbol]                       0x08001d58   Section        0  stm32f4xx_hal_gpio.o(.text.HAL_GPIO_TogglePin)
    [Anonymous Symbol]                       0x08001d68   Section        0  stm32f4xx_hal_gpio.o(.text.HAL_GPIO_WritePin)
    [Anonymous Symbol]                       0x08001d74   Section        0  stm32f4xx_hal.o(.text.HAL_GetTick)
    [Anonymous Symbol]                       0x08001d80   Section        0  stm32f4xx_hal.o(.text.HAL_IncTick)
    [Anonymous Symbol]                       0x08001d9c   Section        0  stm32f4xx_hal.o(.text.HAL_Init)
    [Anonymous Symbol]                       0x08001dd4   Section        0  stm32f4xx_hal.o(.text.HAL_InitTick)
    [Anonymous Symbol]                       0x08001e1c   Section        0  stm32f4xx_hal_msp.o(.text.HAL_MspInit)
    [Anonymous Symbol]                       0x08001e54   Section        0  stm32f4xx_hal_cortex.o(.text.HAL_NVIC_SetPriority)
    [Anonymous Symbol]                       0x08001eac   Section        0  stm32f4xx_hal_cortex.o(.text.HAL_NVIC_SetPriorityGrouping)
    [Anonymous Symbol]                       0x08001ecc   Section        0  stm32f4xx_hal_rcc.o(.text.HAL_RCC_ClockConfig)
    [Anonymous Symbol]                       0x08002030   Section        0  stm32f4xx_hal_rcc.o(.text.HAL_RCC_GetSysClockFreq)
    [Anonymous Symbol]                       0x080020a0   Section        0  stm32f4xx_hal_rcc.o(.text.HAL_RCC_OscConfig)
    [Anonymous Symbol]                       0x0800244c   Section        0  stm32f4xx_hal_spi.o(.text.HAL_SPI_Init)
    [Anonymous Symbol]                       0x080024fc   Section        0  stm32f4xx_hal_msp.o(.text.HAL_SPI_MspInit)
    [Anonymous Symbol]                       0x08002574   Section        0  stm32f4xx_hal_spi.o(.text.HAL_SPI_Transmit)
    [Anonymous Symbol]                       0x080027e8   Section        0  stm32f4xx_hal_spi.o(.text.HAL_SPI_TransmitReceive)
    [Anonymous Symbol]                       0x08002b28   Section        0  stm32f4xx_hal_cortex.o(.text.HAL_SYSTICK_Config)
    [Anonymous Symbol]                       0x08002b54   Section        0  stm32f4xx_it.o(.text.HardFault_Handler)
    [Anonymous Symbol]                       0x08002b58   Section        0  lcd_bus.o(.text.LCD_Bus_FillColor)
    [Anonymous Symbol]                       0x08002bf4   Section        0  lcd_bus.o(.text.LCD_Bus_Init)
    [Anonymous Symbol]                       0x08002c2c   Section        0  lcd_bus.o(.text.LCD_Bus_TransferByte)
    [Anonymous Symbol]                       0x08002c60   Section        0  lcd_bus.o(.text.LCD_Bus_WriteByte)
    [Anonymous Symbol]                       0x08002c90   Section        0  lcd_font.o(.text.LCD_DisplayFloat)
    [Anonymous Symbol]                       0x08002dbc   Section        0  gpio.o(.text.MX_GPIO_Init)
    [Anonymous Symbol]                       0x08002e3c   Section        0  spi.o(.text.MX_SPI2_Init)
    [Anonymous Symbol]                       0x08002e88   Section        0  stm32f4xx_it.o(.text.MemManage_Handler)
    [Anonymous Symbol]                       0x08002e8c   Section        0  stm32f4xx_it.o(.text.NMI_Handler)
    [Anonymous Symbol]                       0x08002e90   Section        0  stm32f4xx_it.o(.text.PendSV_Handler)
    [Anonymous Symbol]                       0x08002e94   Section        0  lcd_font.o(.text.SET_FONT_STYLE)
    SPI_WaitFlagStateUntilTimeout            0x08002ef9   Thumb Code   292  stm32f4xx_hal_spi.o(.text.SPI_WaitFlagStateUntilTimeout)
    [Anonymous Symbol]                       0x08002ef8   Section        0  stm32f4xx_hal_spi.o(.text.SPI_WaitFlagStateUntilTimeout)
    [Anonymous Symbol]                       0x0800301c   Section        0  stm32f4xx_it.o(.text.SVC_Handler)
    [Anonymous Symbol]                       0x08003020   Section        0  stm32f4xx_it.o(.text.SysTick_Handler)
    [Anonymous Symbol]                       0x08003024   Section        0  main.o(.text.SystemClock_Config)
    [Anonymous Symbol]                       0x080030cc   Section        0  system_stm32f4xx.o(.text.SystemInit)
    [Anonymous Symbol]                       0x080030e0   Section        0  lcd.o(.text.TFT_SEND_CMD)
    [Anonymous Symbol]                       0x08003130   Section        0  lcd.o(.text.TFT_SEND_DATA)
    [Anonymous Symbol]                       0x08003180   Section        0  lcd.o(.text.TFT_SET_ADD)
    [Anonymous Symbol]                       0x08003278   Section        0  lcd.o(.text.TFT_full)
    [Anonymous Symbol]                       0x080032d4   Section        0  lcd.o(.text.TFT_init)
    [Anonymous Symbol]                       0x080036fc   Section        0  stm32f4xx_it.o(.text.UsageFault_Handler)
    [Anonymous Symbol]                       0x08003700   Section        0  lcd_font.o(.text.W25QXX_Read)
    [Anonymous Symbol]                       0x08003760   Section        0  main.o(.text.main)
    CL$$btod_d2e                             0x08003820   Section       62  btod.o(CL$$btod_d2e)
    CL$$btod_d2e_denorm_low                  0x0800385e   Section       70  btod.o(CL$$btod_d2e_denorm_low)
    CL$$btod_d2e_norm_op1                    0x080038a4   Section       96  btod.o(CL$$btod_d2e_norm_op1)
    CL$$btod_div_common                      0x08003904   Section      824  btod.o(CL$$btod_div_common)
    CL$$btod_e2e                             0x08003c3c   Section      220  btod.o(CL$$btod_e2e)
    CL$$btod_ediv                            0x08003d18   Section       42  btod.o(CL$$btod_ediv)
    CL$$btod_emul                            0x08003d42   Section       42  btod.o(CL$$btod_emul)
    CL$$btod_mult_common                     0x08003d6c   Section      580  btod.o(CL$$btod_mult_common)
    i.__ARM_fpclassify                       0x08003fb0   Section        0  fpclassify.o(i.__ARM_fpclassify)
    i._is_digit                              0x08003fe0   Section        0  __printf_wp.o(i._is_digit)
    locale$$code                             0x08003ff0   Section       44  lc_numeric_c.o(locale$$code)
    $v0                                      0x0800401c   Number         0  fpinit.o(x$fpl$fpinit)
    x$fpl$fpinit                             0x0800401c   Section       26  fpinit.o(x$fpl$fpinit)
    $v0                                      0x08004036   Number         0  printf1.o(x$fpl$printf1)
    x$fpl$printf1                            0x08004036   Section        4  printf1.o(x$fpl$printf1)
    $v0                                      0x0800403a   Number         0  printf2.o(x$fpl$printf2)
    x$fpl$printf2                            0x0800403a   Section        4  printf2.o(x$fpl$printf2)
    maptable                                 0x0800403e   Data          17  __printf_flags_ss_wp.o(.constdata)
    .constdata                               0x0800403e   Section       17  __printf_flags_ss_wp.o(.constdata)
    x$fpl$usenofp                            0x0800403e   Section        0  usenofp.o(x$fpl$usenofp)
    lc_hextab                                0x0800404f   Data          19  _printf_fp_hex.o(.constdata)
    .constdata                               0x0800404f   Section       38  _printf_fp_hex.o(.constdata)
    uc_hextab                                0x08004062   Data          19  _printf_fp_hex.o(.constdata)
    tenpwrs_x                                0x08004078   Data          60  bigflt0.o(.constdata)
    .constdata                               0x08004078   Section      148  bigflt0.o(.constdata)
    tenpwrs_i                                0x080040b4   Data          64  bigflt0.o(.constdata)
    UTF8_GB2312_MAP                          0x08004126   Data         272  lcd_font.o(.rodata.UTF8_GB2312_MAP)
    [Anonymous Symbol]                       0x08004126   Section        0  lcd_font.o(.rodata.UTF8_GB2312_MAP)
    .Lswitch.table.LCD_DisplayNumber.17      0x08004236   Data          16  lcd_font.o(.rodata.cst16)
    .Lswitch.table.LCD_DisplayNumber.18      0x08004246   Data          16  lcd_font.o(.rodata.cst16)
    .Lswitch.table.LCD_DisplayNumber.15      0x08004258   Data          32  lcd_font.o(.rodata.cst32)
    .Lswitch.table.LCD_DisplayNumber.16      0x08004278   Data          32  lcd_font.o(.rodata.cst32)
    locale$$data                             0x080042b8   Section       28  lc_numeric_c.o(locale$$data)
    __lcnum_c_name                           0x080042bc   Data           2  lc_numeric_c.o(locale$$data)
    __lcnum_c_start                          0x080042c4   Data           0  lc_numeric_c.o(locale$$data)
    __lcnum_c_point                          0x080042d0   Data           0  lc_numeric_c.o(locale$$data)
    __lcnum_c_thousands                      0x080042d2   Data           0  lc_numeric_c.o(locale$$data)
    __lcnum_c_grouping                       0x080042d3   Data           0  lc_numeric_c.o(locale$$data)
    __lcnum_c_end                            0x080042d4   Data           0  lc_numeric_c.o(locale$$data)
    .L_MergedGlobals                         0x20000000   Data           8  stm32f4xx_hal.o(.data..L_MergedGlobals)
    [Anonymous Symbol]                       0x20000000   Section        0  stm32f4xx_hal.o(.data..L_MergedGlobals)
    .bss                                     0x20000010   Section       96  libspace.o(.bss)
    .L_MergedGlobals                         0x20000070   Data         124  lcd_font.o(.bss..L_MergedGlobals)
    [Anonymous Symbol]                       0x20000070   Section        0  lcd_font.o(.bss..L_MergedGlobals)
    s_color_buffer                           0x20000144   Data        1024  lcd_bus.o(.bss.s_color_buffer)
    [Anonymous Symbol]                       0x20000144   Section        0  lcd_bus.o(.bss.s_color_buffer)
    tft_cs_is_low                            0x20000544   Data           1  lcd.o(.bss.tft_cs_is_low)
    [Anonymous Symbol]                       0x20000544   Section        0  lcd.o(.bss.tft_cs_is_low)
    Heap_Mem                                 0x20000550   Data         512  startup_stm32f407xx.o(HEAP)
    HEAP                                     0x20000550   Section      512  startup_stm32f407xx.o(HEAP)
    Stack_Mem                                0x20000750   Data        1024  startup_stm32f407xx.o(STACK)
    STACK                                    0x20000750   Section     1024  startup_stm32f407xx.o(STACK)
    __initial_sp                             0x20000b50   Data           0  startup_stm32f407xx.o(STACK)

    Global Symbols

    Symbol Name                              Value     Ov Type        Size  Object(Section)

    BuildAttributes$$THM_ISAv4$E$P$D$K$B$S$7EM$VFPi3$EXTD16$VFPS$VFMA$PE$A:L22UL41UL21$X:L11$S22US41US21$IEEE1$IW$~IW$USESV6$~STKCKD$USESV7$~SHL$OTIME$ROPI$IEEEJ$EBA8$UX$STANDARDLIB$REQ8$PRES8$EABIv2 0x00000000   Number         0  anon$$obj.o ABSOLUTE
    _printf_flags                            0x00000000   Number         0  printf_stubs.o ABSOLUTE
    _printf_return_value                     0x00000000   Number         0  printf_stubs.o ABSOLUTE
    _printf_sizespec                         0x00000000   Number         0  printf_stubs.o ABSOLUTE
    _printf_widthprec                        0x00000000   Number         0  printf_stubs.o ABSOLUTE
    __ARM_exceptions_init                     - Undefined Weak Reference
    __alloca_initialize                       - Undefined Weak Reference
    __arm_preinit_                            - Undefined Weak Reference
    __arm_relocate_pie_                       - Undefined Weak Reference
    __cpp_initialize__aeabi_                  - Undefined Weak Reference
    __cxa_finalize                            - Undefined Weak Reference
    __sigvec_lookup                           - Undefined Weak Reference
    _atexit_init                              - Undefined Weak Reference
    _call_atexit_fns                          - Undefined Weak Reference
    _clock_init                               - Undefined Weak Reference
    _fp_trap_init                             - Undefined Weak Reference
    _fp_trap_shutdown                         - Undefined Weak Reference
    _get_lc_collate                           - Undefined Weak Reference
    _get_lc_ctype                             - Undefined Weak Reference
    _get_lc_monetary                          - Undefined Weak Reference
    _get_lc_time                              - Undefined Weak Reference
    _getenv_init                              - Undefined Weak Reference
    _handle_redirection                       - Undefined Weak Reference
    _init_alloc                               - Undefined Weak Reference
    _init_user_alloc                          - Undefined Weak Reference
    _initio                                   - Undefined Weak Reference
    _printf_truncate_signed                   - Undefined Weak Reference
    _printf_truncate_unsigned                 - Undefined Weak Reference
    _rand_init                                - Undefined Weak Reference
    _signal_finish                            - Undefined Weak Reference
    _signal_init                              - Undefined Weak Reference
    _terminate_alloc                          - Undefined Weak Reference
    _terminate_user_alloc                     - Undefined Weak Reference
    _terminateio                              - Undefined Weak Reference
    __Vectors_Size                           0x00000188   Number         0  startup_stm32f407xx.o ABSOLUTE
    __Vectors                                0x08000000   Data           4  startup_stm32f407xx.o(RESET)
    __Vectors_End                            0x08000188   Data           0  startup_stm32f407xx.o(RESET)
    __main                                   0x08000189   Thumb Code     8  __main.o(!!!main)
    __scatterload                            0x08000191   Thumb Code     0  __scatter.o(!!!scatter)
    __scatterload_rt2                        0x08000191   Thumb Code    84  __scatter.o(!!!scatter)
    __scatterload_rt2_thumb_only             0x08000191   Thumb Code     0  __scatter.o(!!!scatter)
    __scatterload_loop                       0x0800019b   Thumb Code     0  __scatter.o(!!!scatter)
    __scatterload_copy                       0x080001ed   Thumb Code    26  __scatter_copy.o(!!handler_copy)
    __scatterload_null                       0x08000209   Thumb Code     2  __scatter.o(!!handler_null)
    __scatterload_zeroinit                   0x0800020d   Thumb Code    28  __scatter_zi.o(!!handler_zi)
    _printf_f                                0x08000229   Thumb Code     0  _printf_f.o(.ARM.Collect$$_printf_percent$$00000003)
    _printf_percent                          0x08000229   Thumb Code     0  _printf_percent.o(.ARM.Collect$$_printf_percent$$00000000)
    _printf_e                                0x0800022f   Thumb Code     0  _printf_e.o(.ARM.Collect$$_printf_percent$$00000004)
    _printf_g                                0x08000235   Thumb Code     0  _printf_g.o(.ARM.Collect$$_printf_percent$$00000005)
    _printf_a                                0x0800023b   Thumb Code     0  _printf_a.o(.ARM.Collect$$_printf_percent$$00000006)
    _printf_d                                0x08000241   Thumb Code     0  _printf_d.o(.ARM.Collect$$_printf_percent$$00000009)
    _printf_percent_end                      0x08000247   Thumb Code     0  _printf_percent_end.o(.ARM.Collect$$_printf_percent$$00000017)
    __rt_lib_init                            0x0800024b   Thumb Code     0  libinit.o(.ARM.Collect$$libinit$$00000000)
    __rt_lib_init_fp_1                       0x0800024d   Thumb Code     0  libinit2.o(.ARM.Collect$$libinit$$00000001)
    __rt_lib_init_heap_1                     0x08000251   Thumb Code     0  libinit2.o(.ARM.Collect$$libinit$$0000000C)
    __rt_lib_init_lc_common                  0x08000251   Thumb Code     0  libinit2.o(.ARM.Collect$$libinit$$00000011)
    __rt_lib_init_preinit_1                  0x08000251   Thumb Code     0  libinit2.o(.ARM.Collect$$libinit$$00000006)
    __rt_lib_init_rand_1                     0x08000251   Thumb Code     0  libinit2.o(.ARM.Collect$$libinit$$00000010)
    __rt_lib_init_relocate_pie_1             0x08000251   Thumb Code     0  libinit2.o(.ARM.Collect$$libinit$$00000004)
    __rt_lib_init_user_alloc_1               0x08000251   Thumb Code     0  libinit2.o(.ARM.Collect$$libinit$$0000000E)
    __rt_lib_init_lc_collate_1               0x08000257   Thumb Code     0  libinit2.o(.ARM.Collect$$libinit$$00000013)
    __rt_lib_init_lc_ctype_1                 0x08000257   Thumb Code     0  libinit2.o(.ARM.Collect$$libinit$$00000015)
    __rt_lib_init_lc_monetary_1              0x08000257   Thumb Code     0  libinit2.o(.ARM.Collect$$libinit$$00000017)
    __rt_lib_init_lc_numeric_2               0x08000257   Thumb Code     0  libinit2.o(.ARM.Collect$$libinit$$00000018)
    __rt_lib_init_alloca_1                   0x08000261   Thumb Code     0  libinit2.o(.ARM.Collect$$libinit$$00000030)
    __rt_lib_init_argv_1                     0x08000261   Thumb Code     0  libinit2.o(.ARM.Collect$$libinit$$0000002E)
    __rt_lib_init_atexit_1                   0x08000261   Thumb Code     0  libinit2.o(.ARM.Collect$$libinit$$0000001D)
    __rt_lib_init_clock_1                    0x08000261   Thumb Code     0  libinit2.o(.ARM.Collect$$libinit$$00000023)
    __rt_lib_init_cpp_1                      0x08000261   Thumb Code     0  libinit2.o(.ARM.Collect$$libinit$$00000034)
    __rt_lib_init_exceptions_1               0x08000261   Thumb Code     0  libinit2.o(.ARM.Collect$$libinit$$00000032)
    __rt_lib_init_fp_trap_1                  0x08000261   Thumb Code     0  libinit2.o(.ARM.Collect$$libinit$$00000021)
    __rt_lib_init_getenv_1                   0x08000261   Thumb Code     0  libinit2.o(.ARM.Collect$$libinit$$00000025)
    __rt_lib_init_lc_numeric_1               0x08000261   Thumb Code     0  libinit2.o(.ARM.Collect$$libinit$$00000019)
    __rt_lib_init_lc_time_1                  0x08000261   Thumb Code     0  libinit2.o(.ARM.Collect$$libinit$$0000001B)
    __rt_lib_init_return                     0x08000261   Thumb Code     0  libinit2.o(.ARM.Collect$$libinit$$00000035)
    __rt_lib_init_signal_1                   0x08000261   Thumb Code     0  libinit2.o(.ARM.Collect$$libinit$$0000001F)
    __rt_lib_init_stdio_1                    0x08000261   Thumb Code     0  libinit2.o(.ARM.Collect$$libinit$$00000027)
    __rt_lib_shutdown                        0x08000263   Thumb Code     0  libshutdown.o(.ARM.Collect$$libshutdown$$00000000)
    __rt_lib_shutdown_cpp_1                  0x08000265   Thumb Code     0  libshutdown2.o(.ARM.Collect$$libshutdown$$00000002)
    __rt_lib_shutdown_fp_trap_1              0x08000265   Thumb Code     0  libshutdown2.o(.ARM.Collect$$libshutdown$$00000007)
    __rt_lib_shutdown_heap_1                 0x08000265   Thumb Code     0  libshutdown2.o(.ARM.Collect$$libshutdown$$0000000F)
    __rt_lib_shutdown_return                 0x08000265   Thumb Code     0  libshutdown2.o(.ARM.Collect$$libshutdown$$00000010)
    __rt_lib_shutdown_signal_1               0x08000265   Thumb Code     0  libshutdown2.o(.ARM.Collect$$libshutdown$$0000000A)
    __rt_lib_shutdown_stdio_1                0x08000265   Thumb Code     0  libshutdown2.o(.ARM.Collect$$libshutdown$$00000004)
    __rt_lib_shutdown_user_alloc_1           0x08000265   Thumb Code     0  libshutdown2.o(.ARM.Collect$$libshutdown$$0000000C)
    __rt_entry                               0x08000267   Thumb Code     0  __rtentry.o(.ARM.Collect$$rtentry$$00000000)
    __rt_entry_presh_1                       0x08000267   Thumb Code     0  __rtentry2.o(.ARM.Collect$$rtentry$$00000002)
    __rt_entry_sh                            0x08000267   Thumb Code     0  __rtentry4.o(.ARM.Collect$$rtentry$$00000004)
    __rt_entry_li                            0x0800026d   Thumb Code     0  __rtentry2.o(.ARM.Collect$$rtentry$$0000000A)
    __rt_entry_postsh_1                      0x0800026d   Thumb Code     0  __rtentry2.o(.ARM.Collect$$rtentry$$00000009)
    __rt_entry_main                          0x08000271   Thumb Code     0  __rtentry2.o(.ARM.Collect$$rtentry$$0000000D)
    __rt_entry_postli_1                      0x08000271   Thumb Code     0  __rtentry2.o(.ARM.Collect$$rtentry$$0000000C)
    __rt_exit                                0x08000279   Thumb Code     0  rtexit.o(.ARM.Collect$$rtexit$$00000000)
    __rt_exit_ls                             0x0800027b   Thumb Code     0  rtexit2.o(.ARM.Collect$$rtexit$$00000003)
    __rt_exit_prels_1                        0x0800027b   Thumb Code     0  rtexit2.o(.ARM.Collect$$rtexit$$00000002)
    __rt_exit_exit                           0x0800027f   Thumb Code     0  rtexit2.o(.ARM.Collect$$rtexit$$00000004)
    Reset_Handler                            0x08000285   Thumb Code     8  startup_stm32f407xx.o(.text)
    ADC_IRQHandler                           0x0800029f   Thumb Code     0  startup_stm32f407xx.o(.text)
    CAN1_RX0_IRQHandler                      0x0800029f   Thumb Code     0  startup_stm32f407xx.o(.text)
    CAN1_RX1_IRQHandler                      0x0800029f   Thumb Code     0  startup_stm32f407xx.o(.text)
    CAN1_SCE_IRQHandler                      0x0800029f   Thumb Code     0  startup_stm32f407xx.o(.text)
    CAN1_TX_IRQHandler                       0x0800029f   Thumb Code     0  startup_stm32f407xx.o(.text)
    CAN2_RX0_IRQHandler                      0x0800029f   Thumb Code     0  startup_stm32f407xx.o(.text)
    CAN2_RX1_IRQHandler                      0x0800029f   Thumb Code     0  startup_stm32f407xx.o(.text)
    CAN2_SCE_IRQHandler                      0x0800029f   Thumb Code     0  startup_stm32f407xx.o(.text)
    CAN2_TX_IRQHandler                       0x0800029f   Thumb Code     0  startup_stm32f407xx.o(.text)
    DCMI_IRQHandler                          0x0800029f   Thumb Code     0  startup_stm32f407xx.o(.text)
    DMA1_Stream0_IRQHandler                  0x0800029f   Thumb Code     0  startup_stm32f407xx.o(.text)
    DMA1_Stream1_IRQHandler                  0x0800029f   Thumb Code     0  startup_stm32f407xx.o(.text)
    DMA1_Stream2_IRQHandler                  0x0800029f   Thumb Code     0  startup_stm32f407xx.o(.text)
    DMA1_Stream3_IRQHandler                  0x0800029f   Thumb Code     0  startup_stm32f407xx.o(.text)
    DMA1_Stream4_IRQHandler                  0x0800029f   Thumb Code     0  startup_stm32f407xx.o(.text)
    DMA1_Stream5_IRQHandler                  0x0800029f   Thumb Code     0  startup_stm32f407xx.o(.text)
    DMA1_Stream6_IRQHandler                  0x0800029f   Thumb Code     0  startup_stm32f407xx.o(.text)
    DMA1_Stream7_IRQHandler                  0x0800029f   Thumb Code     0  startup_stm32f407xx.o(.text)
    DMA2_Stream0_IRQHandler                  0x0800029f   Thumb Code     0  startup_stm32f407xx.o(.text)
    DMA2_Stream1_IRQHandler                  0x0800029f   Thumb Code     0  startup_stm32f407xx.o(.text)
    DMA2_Stream2_IRQHandler                  0x0800029f   Thumb Code     0  startup_stm32f407xx.o(.text)
    DMA2_Stream3_IRQHandler                  0x0800029f   Thumb Code     0  startup_stm32f407xx.o(.text)
    DMA2_Stream4_IRQHandler                  0x0800029f   Thumb Code     0  startup_stm32f407xx.o(.text)
    DMA2_Stream5_IRQHandler                  0x0800029f   Thumb Code     0  startup_stm32f407xx.o(.text)
    DMA2_Stream6_IRQHandler                  0x0800029f   Thumb Code     0  startup_stm32f407xx.o(.text)
    DMA2_Stream7_IRQHandler                  0x0800029f   Thumb Code     0  startup_stm32f407xx.o(.text)
    ETH_IRQHandler                           0x0800029f   Thumb Code     0  startup_stm32f407xx.o(.text)
    ETH_WKUP_IRQHandler                      0x0800029f   Thumb Code     0  startup_stm32f407xx.o(.text)
    EXTI0_IRQHandler                         0x0800029f   Thumb Code     0  startup_stm32f407xx.o(.text)
    EXTI15_10_IRQHandler                     0x0800029f   Thumb Code     0  startup_stm32f407xx.o(.text)
    EXTI1_IRQHandler                         0x0800029f   Thumb Code     0  startup_stm32f407xx.o(.text)
    EXTI2_IRQHandler                         0x0800029f   Thumb Code     0  startup_stm32f407xx.o(.text)
    EXTI3_IRQHandler                         0x0800029f   Thumb Code     0  startup_stm32f407xx.o(.text)
    EXTI4_IRQHandler                         0x0800029f   Thumb Code     0  startup_stm32f407xx.o(.text)
    EXTI9_5_IRQHandler                       0x0800029f   Thumb Code     0  startup_stm32f407xx.o(.text)
    FLASH_IRQHandler                         0x0800029f   Thumb Code     0  startup_stm32f407xx.o(.text)
    FMC_IRQHandler                           0x0800029f   Thumb Code     0  startup_stm32f407xx.o(.text)
    FPU_IRQHandler                           0x0800029f   Thumb Code     0  startup_stm32f407xx.o(.text)
    HASH_RNG_IRQHandler                      0x0800029f   Thumb Code     0  startup_stm32f407xx.o(.text)
    I2C1_ER_IRQHandler                       0x0800029f   Thumb Code     0  startup_stm32f407xx.o(.text)
    I2C1_EV_IRQHandler                       0x0800029f   Thumb Code     0  startup_stm32f407xx.o(.text)
    I2C2_ER_IRQHandler                       0x0800029f   Thumb Code     0  startup_stm32f407xx.o(.text)
    I2C2_EV_IRQHandler                       0x0800029f   Thumb Code     0  startup_stm32f407xx.o(.text)
    I2C3_ER_IRQHandler                       0x0800029f   Thumb Code     0  startup_stm32f407xx.o(.text)
    I2C3_EV_IRQHandler                       0x0800029f   Thumb Code     0  startup_stm32f407xx.o(.text)
    OTG_FS_IRQHandler                        0x0800029f   Thumb Code     0  startup_stm32f407xx.o(.text)
    OTG_FS_WKUP_IRQHandler                   0x0800029f   Thumb Code     0  startup_stm32f407xx.o(.text)
    OTG_HS_EP1_IN_IRQHandler                 0x0800029f   Thumb Code     0  startup_stm32f407xx.o(.text)
    OTG_HS_EP1_OUT_IRQHandler                0x0800029f   Thumb Code     0  startup_stm32f407xx.o(.text)
    OTG_HS_IRQHandler                        0x0800029f   Thumb Code     0  startup_stm32f407xx.o(.text)
    OTG_HS_WKUP_IRQHandler                   0x0800029f   Thumb Code     0  startup_stm32f407xx.o(.text)
    PVD_IRQHandler                           0x0800029f   Thumb Code     0  startup_stm32f407xx.o(.text)
    RCC_IRQHandler                           0x0800029f   Thumb Code     0  startup_stm32f407xx.o(.text)
    RTC_Alarm_IRQHandler                     0x0800029f   Thumb Code     0  startup_stm32f407xx.o(.text)
    RTC_WKUP_IRQHandler                      0x0800029f   Thumb Code     0  startup_stm32f407xx.o(.text)
    SDIO_IRQHandler                          0x0800029f   Thumb Code     0  startup_stm32f407xx.o(.text)
    SPI1_IRQHandler                          0x0800029f   Thumb Code     0  startup_stm32f407xx.o(.text)
    SPI2_IRQHandler                          0x0800029f   Thumb Code     0  startup_stm32f407xx.o(.text)
    SPI3_IRQHandler                          0x0800029f   Thumb Code     0  startup_stm32f407xx.o(.text)
    TAMP_STAMP_IRQHandler                    0x0800029f   Thumb Code     0  startup_stm32f407xx.o(.text)
    TIM1_BRK_TIM9_IRQHandler                 0x0800029f   Thumb Code     0  startup_stm32f407xx.o(.text)
    TIM1_CC_IRQHandler                       0x0800029f   Thumb Code     0  startup_stm32f407xx.o(.text)
    TIM1_TRG_COM_TIM11_IRQHandler            0x0800029f   Thumb Code     0  startup_stm32f407xx.o(.text)
    TIM1_UP_TIM10_IRQHandler                 0x0800029f   Thumb Code     0  startup_stm32f407xx.o(.text)
    TIM2_IRQHandler                          0x0800029f   Thumb Code     0  startup_stm32f407xx.o(.text)
    TIM3_IRQHandler                          0x0800029f   Thumb Code     0  startup_stm32f407xx.o(.text)
    TIM4_IRQHandler                          0x0800029f   Thumb Code     0  startup_stm32f407xx.o(.text)
    TIM5_IRQHandler                          0x0800029f   Thumb Code     0  startup_stm32f407xx.o(.text)
    TIM6_DAC_IRQHandler                      0x0800029f   Thumb Code     0  startup_stm32f407xx.o(.text)
    TIM7_IRQHandler                          0x0800029f   Thumb Code     0  startup_stm32f407xx.o(.text)
    TIM8_BRK_TIM12_IRQHandler                0x0800029f   Thumb Code     0  startup_stm32f407xx.o(.text)
    TIM8_CC_IRQHandler                       0x0800029f   Thumb Code     0  startup_stm32f407xx.o(.text)
    TIM8_TRG_COM_TIM14_IRQHandler            0x0800029f   Thumb Code     0  startup_stm32f407xx.o(.text)
    TIM8_UP_TIM13_IRQHandler                 0x0800029f   Thumb Code     0  startup_stm32f407xx.o(.text)
    UART4_IRQHandler                         0x0800029f   Thumb Code     0  startup_stm32f407xx.o(.text)
    UART5_IRQHandler                         0x0800029f   Thumb Code     0  startup_stm32f407xx.o(.text)
    USART1_IRQHandler                        0x0800029f   Thumb Code     0  startup_stm32f407xx.o(.text)
    USART2_IRQHandler                        0x0800029f   Thumb Code     0  startup_stm32f407xx.o(.text)
    USART3_IRQHandler                        0x0800029f   Thumb Code     0  startup_stm32f407xx.o(.text)
    USART6_IRQHandler                        0x0800029f   Thumb Code     0  startup_stm32f407xx.o(.text)
    WWDG_IRQHandler                          0x0800029f   Thumb Code     0  startup_stm32f407xx.o(.text)
    __user_initial_stackheap                 0x080002a1   Thumb Code     0  startup_stm32f407xx.o(.text)
    __aeabi_uldivmod                         0x080002c5   Thumb Code     0  lludivv7m.o(.text)
    _ll_udiv                                 0x080002c5   Thumb Code   240  lludivv7m.o(.text)
    __2sprintf                               0x080003b5   Thumb Code    34  noretval__2sprintf.o(.text)
    _printf_pre_padding                      0x080003dd   Thumb Code    44  _printf_pad.o(.text)
    _printf_post_padding                     0x08000409   Thumb Code    34  _printf_pad.o(.text)
    _printf_int_dec                          0x0800042d   Thumb Code   104  _printf_dec.o(.text)
    __printf                                 0x080004a5   Thumb Code   388  __printf_flags_ss_wp.o(.text)
    __aeabi_memset4                          0x0800062d   Thumb Code    16  aeabi_memset4.o(.text)
    __aeabi_memset8                          0x0800062d   Thumb Code     0  aeabi_memset4.o(.text)
    __aeabi_memclr4                          0x0800063d   Thumb Code     0  rt_memclr_w.o(.text)
    __aeabi_memclr8                          0x0800063d   Thumb Code     0  rt_memclr_w.o(.text)
    __rt_memclr_w                            0x0800063d   Thumb Code     0  rt_memclr_w.o(.text)
    _memset_w                                0x08000641   Thumb Code    74  rt_memclr_w.o(.text)
    __use_two_region_memory                  0x0800068b   Thumb Code     2  heapauxi.o(.text)
    __rt_heap_escrow$2region                 0x0800068d   Thumb Code     2  heapauxi.o(.text)
    __rt_heap_expand$2region                 0x0800068f   Thumb Code     2  heapauxi.o(.text)
    _printf_int_common                       0x08000691   Thumb Code   178  _printf_intcommon.o(.text)
    _printf_fp_dec_real                      0x080008f3   Thumb Code   620  _printf_fp_dec.o(.text)
    _printf_fp_hex_real                      0x08000b61   Thumb Code   756  _printf_fp_hex.o(.text)
    _printf_char_common                      0x08000e67   Thumb Code    32  _printf_char_common.o(.text)
    _sputc                                   0x08000e8d   Thumb Code    10  _sputc.o(.text)
    __rt_locale                              0x08000e99   Thumb Code     8  rt_locale_intlibspace.o(.text)
    _ll_udiv10                               0x08000ea1   Thumb Code   138  lludiv10.o(.text)
    _printf_fp_infnan                        0x08000f2d   Thumb Code   112  _printf_fp_infnan.o(.text)
    _btod_etento                             0x08000fad   Thumb Code   224  bigflt0.o(.text)
    __user_libspace                          0x08001091   Thumb Code     8  libspace.o(.text)
    __user_perproc_libspace                  0x08001091   Thumb Code     0  libspace.o(.text)
    __user_perthread_libspace                0x08001091   Thumb Code     0  libspace.o(.text)
    __user_setup_stackheap                   0x08001099   Thumb Code    74  sys_stackheap_outer.o(.text)
    exit                                     0x080010e3   Thumb Code    18  exit.o(.text)
    strcmp                                   0x080010f9   Thumb Code   124  strcmpv7em.o(.text)
    _sys_exit                                0x08001175   Thumb Code     8  sys_exit.o(.text)
    __I$use$semihosting                      0x08001181   Thumb Code     0  use_no_semi.o(.text)
    __use_no_semihosting_swi                 0x08001181   Thumb Code     2  use_no_semi.o(.text)
    __semihosting_library_function           0x08001183   Thumb Code     0  indicate_semi.o(.text)
    BusFault_Handler                         0x08001185   Thumb Code     2  stm32f4xx_it.o(.text.BusFault_Handler)
    CHECK_FALSH                              0x08001189   Thumb Code   462  lcd_font.o(.text.CHECK_FALSH)
    DIS_CHINESE                              0x08001359   Thumb Code  1622  lcd_font.o(.text.DIS_CHINESE)
    DIS_CHINESE_AUTO                         0x080019b1   Thumb Code   466  lcd_font.o(.text.DIS_CHINESE_AUTO)
    DebugMon_Handler                         0x08001b85   Thumb Code     2  stm32f4xx_it.o(.text.DebugMon_Handler)
    Error_Handler                            0x08001b89   Thumb Code     6  main.o(.text.Error_Handler)
    HAL_Delay                                0x08001b91   Thumb Code    40  stm32f4xx_hal.o(.text.HAL_Delay)
    HAL_GPIO_Init                            0x08001bb9   Thumb Code   414  stm32f4xx_hal_gpio.o(.text.HAL_GPIO_Init)
    HAL_GPIO_TogglePin                       0x08001d59   Thumb Code    16  stm32f4xx_hal_gpio.o(.text.HAL_GPIO_TogglePin)
    HAL_GPIO_WritePin                        0x08001d69   Thumb Code    10  stm32f4xx_hal_gpio.o(.text.HAL_GPIO_WritePin)
    HAL_GetTick                              0x08001d75   Thumb Code    12  stm32f4xx_hal.o(.text.HAL_GetTick)
    HAL_IncTick                              0x08001d81   Thumb Code    26  stm32f4xx_hal.o(.text.HAL_IncTick)
    HAL_Init                                 0x08001d9d   Thumb Code    54  stm32f4xx_hal.o(.text.HAL_Init)
    HAL_InitTick                             0x08001dd5   Thumb Code    72  stm32f4xx_hal.o(.text.HAL_InitTick)
    HAL_MspInit                              0x08001e1d   Thumb Code    56  stm32f4xx_hal_msp.o(.text.HAL_MspInit)
    HAL_NVIC_SetPriority                     0x08001e55   Thumb Code    86  stm32f4xx_hal_cortex.o(.text.HAL_NVIC_SetPriority)
    HAL_NVIC_SetPriorityGrouping             0x08001ead   Thumb Code    32  stm32f4xx_hal_cortex.o(.text.HAL_NVIC_SetPriorityGrouping)
    HAL_RCC_ClockConfig                      0x08001ecd   Thumb Code   356  stm32f4xx_hal_rcc.o(.text.HAL_RCC_ClockConfig)
    HAL_RCC_GetSysClockFreq                  0x08002031   Thumb Code   112  stm32f4xx_hal_rcc.o(.text.HAL_RCC_GetSysClockFreq)
    HAL_RCC_OscConfig                        0x080020a1   Thumb Code   940  stm32f4xx_hal_rcc.o(.text.HAL_RCC_OscConfig)
    HAL_SPI_Init                             0x0800244d   Thumb Code   176  stm32f4xx_hal_spi.o(.text.HAL_SPI_Init)
    HAL_SPI_MspInit                          0x080024fd   Thumb Code   118  stm32f4xx_hal_msp.o(.text.HAL_SPI_MspInit)
    HAL_SPI_Transmit                         0x08002575   Thumb Code   628  stm32f4xx_hal_spi.o(.text.HAL_SPI_Transmit)
    HAL_SPI_TransmitReceive                  0x080027e9   Thumb Code   832  stm32f4xx_hal_spi.o(.text.HAL_SPI_TransmitReceive)
    HAL_SYSTICK_Config                       0x08002b29   Thumb Code    44  stm32f4xx_hal_cortex.o(.text.HAL_SYSTICK_Config)
    HardFault_Handler                        0x08002b55   Thumb Code     2  stm32f4xx_it.o(.text.HardFault_Handler)
    LCD_Bus_FillColor                        0x08002b59   Thumb Code   154  lcd_bus.o(.text.LCD_Bus_FillColor)
    LCD_Bus_Init                             0x08002bf5   Thumb Code    54  lcd_bus.o(.text.LCD_Bus_Init)
    LCD_Bus_TransferByte                     0x08002c2d   Thumb Code    52  lcd_bus.o(.text.LCD_Bus_TransferByte)
    LCD_Bus_WriteByte                        0x08002c61   Thumb Code    48  lcd_bus.o(.text.LCD_Bus_WriteByte)
    LCD_DisplayFloat                         0x08002c91   Thumb Code   292  lcd_font.o(.text.LCD_DisplayFloat)
    MX_GPIO_Init                             0x08002dbd   Thumb Code   128  gpio.o(.text.MX_GPIO_Init)
    MX_SPI2_Init                             0x08002e3d   Thumb Code    76  spi.o(.text.MX_SPI2_Init)
    MemManage_Handler                        0x08002e89   Thumb Code     2  stm32f4xx_it.o(.text.MemManage_Handler)
    NMI_Handler                              0x08002e8d   Thumb Code     2  stm32f4xx_it.o(.text.NMI_Handler)
    PendSV_Handler                           0x08002e91   Thumb Code     2  stm32f4xx_it.o(.text.PendSV_Handler)
    SET_FONT_STYLE                           0x08002e95   Thumb Code    98  lcd_font.o(.text.SET_FONT_STYLE)
    SVC_Handler                              0x0800301d   Thumb Code     2  stm32f4xx_it.o(.text.SVC_Handler)
    SysTick_Handler                          0x08003021   Thumb Code     4  stm32f4xx_it.o(.text.SysTick_Handler)
    SystemClock_Config                       0x08003025   Thumb Code   168  main.o(.text.SystemClock_Config)
    SystemInit                               0x080030cd   Thumb Code    18  system_stm32f4xx.o(.text.SystemInit)
    TFT_SEND_CMD                             0x080030e1   Thumb Code    80  lcd.o(.text.TFT_SEND_CMD)
    TFT_SEND_DATA                            0x08003131   Thumb Code    78  lcd.o(.text.TFT_SEND_DATA)
    TFT_SET_ADD                              0x08003181   Thumb Code   246  lcd.o(.text.TFT_SET_ADD)
    TFT_full                                 0x08003279   Thumb Code    92  lcd.o(.text.TFT_full)
    TFT_init                                 0x080032d5   Thumb Code  1064  lcd.o(.text.TFT_init)
    UsageFault_Handler                       0x080036fd   Thumb Code     2  stm32f4xx_it.o(.text.UsageFault_Handler)
    W25QXX_Read                              0x08003701   Thumb Code    90  lcd_font.o(.text.W25QXX_Read)
    main                                     0x08003761   Thumb Code   160  main.o(.text.main)
    _btod_d2e                                0x08003821   Thumb Code    62  btod.o(CL$$btod_d2e)
    _d2e_denorm_low                          0x0800385f   Thumb Code    70  btod.o(CL$$btod_d2e_denorm_low)
    _d2e_norm_op1                            0x080038a5   Thumb Code    96  btod.o(CL$$btod_d2e_norm_op1)
    __btod_div_common                        0x08003905   Thumb Code   696  btod.o(CL$$btod_div_common)
    _e2e                                     0x08003c3d   Thumb Code   220  btod.o(CL$$btod_e2e)
    _btod_ediv                               0x08003d19   Thumb Code    42  btod.o(CL$$btod_ediv)
    _btod_emul                               0x08003d43   Thumb Code    42  btod.o(CL$$btod_emul)
    __btod_mult_common                       0x08003d6d   Thumb Code   580  btod.o(CL$$btod_mult_common)
    __ARM_fpclassify                         0x08003fb1   Thumb Code    48  fpclassify.o(i.__ARM_fpclassify)
    _is_digit                                0x08003fe1   Thumb Code    14  __printf_wp.o(i._is_digit)
    _get_lc_numeric                          0x08003ff1   Thumb Code    44  lc_numeric_c.o(locale$$code)
    _fp_init                                 0x0800401d   Thumb Code    26  fpinit.o(x$fpl$fpinit)
    __fplib_config_fpu_vfp                   0x08004035   Thumb Code     0  fpinit.o(x$fpl$fpinit)
    __fplib_config_pureend_doubles           0x08004035   Thumb Code     0  fpinit.o(x$fpl$fpinit)
    _printf_fp_dec                           0x08004037   Thumb Code     4  printf1.o(x$fpl$printf1)
    _printf_fp_hex                           0x0800403b   Thumb Code     4  printf2.o(x$fpl$printf2)
    __I$use$fp                               0x0800403e   Number         0  usenofp.o(x$fpl$usenofp)
    AHBPrescTable                            0x0800410c   Data          16  system_stm32f4xx.o(.rodata.AHBPrescTable)
    TAB_COLOR                                0x0800411c   Data          10  lcd_font.o(.rodata.TAB_COLOR)
    Region$$Table$$Base                      0x08004298   Number         0  anon$$obj.o(Region$$Table)
    Region$$Table$$Limit                     0x080042b8   Number         0  anon$$obj.o(Region$$Table)
    uwTickFreq                               0x20000000   Data           1  stm32f4xx_hal.o(.data..L_MergedGlobals)
    uwTickPrio                               0x20000004   Data           4  stm32f4xx_hal.o(.data..L_MergedGlobals)
    SystemCoreClock                          0x20000008   Data           4  system_stm32f4xx.o(.data.SystemCoreClock)
    __libspace_start                         0x20000010   Data          96  libspace.o(.bss)
    DIS_CHAR_MODE                            0x20000070   Data          20  lcd_font.o(.bss..L_MergedGlobals)
    __temporary_stack_top$libspace           0x20000070   Data           0  libspace.o(.bss)
    FONT_BUFFER                              0x20000084   Data         104  lcd_font.o(.bss..L_MergedGlobals)
    hspi2                                    0x200000ec   Data          88  spi.o(.bss.hspi2)
    uwTick                                   0x20000548   Data           4  stm32f4xx_hal.o(.bss.uwTick)



==============================================================================

Memory Map of the image

  Image Entry point : 0x08000189

  Load Region LR_IROM1 (Base: 0x08000000, Size: 0x000042e8, Max: 0x00100000, ABSOLUTE)

    Execution Region ER_IROM1 (Exec base: 0x08000000, Load base: 0x08000000, Size: 0x000042d4, Max: 0x00100000, ABSOLUTE)

    Exec Addr    Load Addr    Size         Type   Attr      Idx    E Section Name        Object

    0x08000000   0x08000000   0x00000188   Data   RO            3    RESET               startup_stm32f407xx.o
    0x08000188   0x08000188   0x00000008   Code   RO          712  * !!!main             c_w.l(__main.o)
    0x08000190   0x08000190   0x0000005c   Code   RO          961    !!!scatter          c_w.l(__scatter.o)
    0x080001ec   0x080001ec   0x0000001a   Code   RO          965    !!handler_copy      c_w.l(__scatter_copy.o)
    0x08000206   0x08000206   0x00000002   PAD
    0x08000208   0x08000208   0x00000002   Code   RO          962    !!handler_null      c_w.l(__scatter.o)
    0x0800020a   0x0800020a   0x00000002   PAD
    0x0800020c   0x0800020c   0x0000001c   Code   RO          967    !!handler_zi        c_w.l(__scatter_zi.o)
    0x08000228   0x08000228   0x00000000   Code   RO          705    .ARM.Collect$$_printf_percent$$00000000  c_w.l(_printf_percent.o)
    0x08000228   0x08000228   0x00000006   Code   RO          701    .ARM.Collect$$_printf_percent$$00000003  c_w.l(_printf_f.o)
    0x0800022e   0x0800022e   0x00000006   Code   RO          702    .ARM.Collect$$_printf_percent$$00000004  c_w.l(_printf_e.o)
    0x08000234   0x08000234   0x00000006   Code   RO          703    .ARM.Collect$$_printf_percent$$00000005  c_w.l(_printf_g.o)
    0x0800023a   0x0800023a   0x00000006   Code   RO          704    .ARM.Collect$$_printf_percent$$00000006  c_w.l(_printf_a.o)
    0x08000240   0x08000240   0x00000006   Code   RO          700    .ARM.Collect$$_printf_percent$$00000009  c_w.l(_printf_d.o)
    0x08000246   0x08000246   0x00000004   Code   RO          740    .ARM.Collect$$_printf_percent$$00000017  c_w.l(_printf_percent_end.o)
    0x0800024a   0x0800024a   0x00000002   Code   RO          824    .ARM.Collect$$libinit$$00000000  c_w.l(libinit.o)
    0x0800024c   0x0800024c   0x00000004   Code   RO          825    .ARM.Collect$$libinit$$00000001  c_w.l(libinit2.o)
    0x08000250   0x08000250   0x00000000   Code   RO          828    .ARM.Collect$$libinit$$00000004  c_w.l(libinit2.o)
    0x08000250   0x08000250   0x00000000   Code   RO          830    .ARM.Collect$$libinit$$00000006  c_w.l(libinit2.o)
    0x08000250   0x08000250   0x00000000   Code   RO          833    .ARM.Collect$$libinit$$0000000C  c_w.l(libinit2.o)
    0x08000250   0x08000250   0x00000000   Code   RO          835    .ARM.Collect$$libinit$$0000000E  c_w.l(libinit2.o)
    0x08000250   0x08000250   0x00000000   Code   RO          837    .ARM.Collect$$libinit$$00000010  c_w.l(libinit2.o)
    0x08000250   0x08000250   0x00000006   Code   RO          838    .ARM.Collect$$libinit$$00000011  c_w.l(libinit2.o)
    0x08000256   0x08000256   0x00000000   Code   RO          840    .ARM.Collect$$libinit$$00000013  c_w.l(libinit2.o)
    0x08000256   0x08000256   0x00000000   Code   RO          842    .ARM.Collect$$libinit$$00000015  c_w.l(libinit2.o)
    0x08000256   0x08000256   0x00000000   Code   RO          844    .ARM.Collect$$libinit$$00000017  c_w.l(libinit2.o)
    0x08000256   0x08000256   0x0000000a   Code   RO          845    .ARM.Collect$$libinit$$00000018  c_w.l(libinit2.o)
    0x08000260   0x08000260   0x00000000   Code   RO          846    .ARM.Collect$$libinit$$00000019  c_w.l(libinit2.o)
    0x08000260   0x08000260   0x00000000   Code   RO          848    .ARM.Collect$$libinit$$0000001B  c_w.l(libinit2.o)
    0x08000260   0x08000260   0x00000000   Code   RO          850    .ARM.Collect$$libinit$$0000001D  c_w.l(libinit2.o)
    0x08000260   0x08000260   0x00000000   Code   RO          852    .ARM.Collect$$libinit$$0000001F  c_w.l(libinit2.o)
    0x08000260   0x08000260   0x00000000   Code   RO          854    .ARM.Collect$$libinit$$00000021  c_w.l(libinit2.o)
    0x08000260   0x08000260   0x00000000   Code   RO          856    .ARM.Collect$$libinit$$00000023  c_w.l(libinit2.o)
    0x08000260   0x08000260   0x00000000   Code   RO          858    .ARM.Collect$$libinit$$00000025  c_w.l(libinit2.o)
    0x08000260   0x08000260   0x00000000   Code   RO          860    .ARM.Collect$$libinit$$00000027  c_w.l(libinit2.o)
    0x08000260   0x08000260   0x00000000   Code   RO          864    .ARM.Collect$$libinit$$0000002E  c_w.l(libinit2.o)
    0x08000260   0x08000260   0x00000000   Code   RO          866    .ARM.Collect$$libinit$$00000030  c_w.l(libinit2.o)
    0x08000260   0x08000260   0x00000000   Code   RO          868    .ARM.Collect$$libinit$$00000032  c_w.l(libinit2.o)
    0x08000260   0x08000260   0x00000000   Code   RO          870    .ARM.Collect$$libinit$$00000034  c_w.l(libinit2.o)
    0x08000260   0x08000260   0x00000002   Code   RO          871    .ARM.Collect$$libinit$$00000035  c_w.l(libinit2.o)
    0x08000262   0x08000262   0x00000002   Code   RO          926    .ARM.Collect$$libshutdown$$00000000  c_w.l(libshutdown.o)
    0x08000264   0x08000264   0x00000000   Code   RO          944    .ARM.Collect$$libshutdown$$00000002  c_w.l(libshutdown2.o)
    0x08000264   0x08000264   0x00000000   Code   RO          946    .ARM.Collect$$libshutdown$$00000004  c_w.l(libshutdown2.o)
    0x08000264   0x08000264   0x00000000   Code   RO          949    .ARM.Collect$$libshutdown$$00000007  c_w.l(libshutdown2.o)
    0x08000264   0x08000264   0x00000000   Code   RO          952    .ARM.Collect$$libshutdown$$0000000A  c_w.l(libshutdown2.o)
    0x08000264   0x08000264   0x00000000   Code   RO          954    .ARM.Collect$$libshutdown$$0000000C  c_w.l(libshutdown2.o)
    0x08000264   0x08000264   0x00000000   Code   RO          957    .ARM.Collect$$libshutdown$$0000000F  c_w.l(libshutdown2.o)
    0x08000264   0x08000264   0x00000002   Code   RO          958    .ARM.Collect$$libshutdown$$00000010  c_w.l(libshutdown2.o)
    0x08000266   0x08000266   0x00000000   Code   RO          722    .ARM.Collect$$rtentry$$00000000  c_w.l(__rtentry.o)
    0x08000266   0x08000266   0x00000000   Code   RO          742    .ARM.Collect$$rtentry$$00000002  c_w.l(__rtentry2.o)
    0x08000266   0x08000266   0x00000006   Code   RO          754    .ARM.Collect$$rtentry$$00000004  c_w.l(__rtentry4.o)
    0x0800026c   0x0800026c   0x00000000   Code   RO          744    .ARM.Collect$$rtentry$$00000009  c_w.l(__rtentry2.o)
    0x0800026c   0x0800026c   0x00000004   Code   RO          745    .ARM.Collect$$rtentry$$0000000A  c_w.l(__rtentry2.o)
    0x08000270   0x08000270   0x00000000   Code   RO          747    .ARM.Collect$$rtentry$$0000000C  c_w.l(__rtentry2.o)
    0x08000270   0x08000270   0x00000008   Code   RO          748    .ARM.Collect$$rtentry$$0000000D  c_w.l(__rtentry2.o)
    0x08000278   0x08000278   0x00000002   Code   RO          872    .ARM.Collect$$rtexit$$00000000  c_w.l(rtexit.o)
    0x0800027a   0x0800027a   0x00000000   Code   RO          891    .ARM.Collect$$rtexit$$00000002  c_w.l(rtexit2.o)
    0x0800027a   0x0800027a   0x00000004   Code   RO          892    .ARM.Collect$$rtexit$$00000003  c_w.l(rtexit2.o)
    0x0800027e   0x0800027e   0x00000006   Code   RO          893    .ARM.Collect$$rtexit$$00000004  c_w.l(rtexit2.o)
    0x08000284   0x08000284   0x00000040   Code   RO            4    .text               startup_stm32f407xx.o
    0x080002c4   0x080002c4   0x000000f0   Code   RO          668    .text               c_w.l(lludivv7m.o)
    0x080003b4   0x080003b4   0x00000028   Code   RO          672    .text               c_w.l(noretval__2sprintf.o)
    0x080003dc   0x080003dc   0x0000004e   Code   RO          676    .text               c_w.l(_printf_pad.o)
    0x0800042a   0x0800042a   0x00000002   PAD
    0x0800042c   0x0800042c   0x00000078   Code   RO          678    .text               c_w.l(_printf_dec.o)
    0x080004a4   0x080004a4   0x00000188   Code   RO          697    .text               c_w.l(__printf_flags_ss_wp.o)
    0x0800062c   0x0800062c   0x00000010   Code   RO          706    .text               c_w.l(aeabi_memset4.o)
    0x0800063c   0x0800063c   0x0000004e   Code   RO          708    .text               c_w.l(rt_memclr_w.o)
    0x0800068a   0x0800068a   0x00000006   Code   RO          710    .text               c_w.l(heapauxi.o)
    0x08000690   0x08000690   0x000000b2   Code   RO          727    .text               c_w.l(_printf_intcommon.o)
    0x08000742   0x08000742   0x0000041c   Code   RO          729    .text               c_w.l(_printf_fp_dec.o)
    0x08000b5e   0x08000b5e   0x00000002   PAD
    0x08000b60   0x08000b60   0x000002fc   Code   RO          733    .text               c_w.l(_printf_fp_hex.o)
    0x08000e5c   0x08000e5c   0x00000030   Code   RO          736    .text               c_w.l(_printf_char_common.o)
    0x08000e8c   0x08000e8c   0x0000000a   Code   RO          738    .text               c_w.l(_sputc.o)
    0x08000e96   0x08000e96   0x00000002   PAD
    0x08000e98   0x08000e98   0x00000008   Code   RO          761    .text               c_w.l(rt_locale_intlibspace.o)
    0x08000ea0   0x08000ea0   0x0000008a   Code   RO          763    .text               c_w.l(lludiv10.o)
    0x08000f2a   0x08000f2a   0x00000002   PAD
    0x08000f2c   0x08000f2c   0x00000080   Code   RO          765    .text               c_w.l(_printf_fp_infnan.o)
    0x08000fac   0x08000fac   0x000000e4   Code   RO          769    .text               c_w.l(bigflt0.o)
    0x08001090   0x08001090   0x00000008   Code   RO          804    .text               c_w.l(libspace.o)
    0x08001098   0x08001098   0x0000004a   Code   RO          807    .text               c_w.l(sys_stackheap_outer.o)
    0x080010e2   0x080010e2   0x00000012   Code   RO          811    .text               c_w.l(exit.o)
    0x080010f4   0x080010f4   0x00000004   PAD
    0x080010f8   0x080010f8   0x0000007c   Code   RO          817    .text               c_w.l(strcmpv7em.o)
    0x08001174   0x08001174   0x0000000c   Code   RO          886    .text               c_w.l(sys_exit.o)
    0x08001180   0x08001180   0x00000002   Code   RO          913    .text               c_w.l(use_no_semi.o)
    0x08001182   0x08001182   0x00000000   Code   RO          915    .text               c_w.l(indicate_semi.o)
    0x08001182   0x08001182   0x00000002   PAD
    0x08001184   0x08001184   0x00000002   Code   RO           49    .text.BusFault_Handler  stm32f4xx_it.o
    0x08001186   0x08001186   0x00000002   PAD
    0x08001188   0x08001188   0x000001ce   Code   RO          642    .text.CHECK_FALSH   lcd_font.o
    0x08001356   0x08001356   0x00000002   PAD
    0x08001358   0x08001358   0x00000656   Code   RO          646    .text.DIS_CHINESE   lcd_font.o
    0x080019ae   0x080019ae   0x00000002   PAD
    0x080019b0   0x080019b0   0x000001d2   Code   RO          648    .text.DIS_CHINESE_AUTO  lcd_font.o
    0x08001b82   0x08001b82   0x00000002   PAD
    0x08001b84   0x08001b84   0x00000002   Code   RO           55    .text.DebugMon_Handler  stm32f4xx_it.o
    0x08001b86   0x08001b86   0x00000002   PAD
    0x08001b88   0x08001b88   0x00000006   Code   RO           15    .text.Error_Handler  main.o
    0x08001b8e   0x08001b8e   0x00000002   PAD
    0x08001b90   0x08001b90   0x00000028   Code   RO          511    .text.HAL_Delay     stm32f4xx_hal.o
    0x08001bb8   0x08001bb8   0x0000019e   Code   RO          192    .text.HAL_GPIO_Init  stm32f4xx_hal_gpio.o
    0x08001d56   0x08001d56   0x00000002   PAD
    0x08001d58   0x08001d58   0x00000010   Code   RO          200    .text.HAL_GPIO_TogglePin  stm32f4xx_hal_gpio.o
    0x08001d68   0x08001d68   0x0000000a   Code   RO          198    .text.HAL_GPIO_WritePin  stm32f4xx_hal_gpio.o
    0x08001d72   0x08001d72   0x00000002   PAD
    0x08001d74   0x08001d74   0x0000000c   Code   RO          503    .text.HAL_GetTick   stm32f4xx_hal.o
    0x08001d80   0x08001d80   0x0000001a   Code   RO          501    .text.HAL_IncTick   stm32f4xx_hal.o
    0x08001d9a   0x08001d9a   0x00000002   PAD
    0x08001d9c   0x08001d9c   0x00000036   Code   RO          491    .text.HAL_Init      stm32f4xx_hal.o
    0x08001dd2   0x08001dd2   0x00000002   PAD
    0x08001dd4   0x08001dd4   0x00000048   Code   RO          493    .text.HAL_InitTick  stm32f4xx_hal.o
    0x08001e1c   0x08001e1c   0x00000038   Code   RO           72    .text.HAL_MspInit   stm32f4xx_hal_msp.o
    0x08001e54   0x08001e54   0x00000056   Code   RO          441    .text.HAL_NVIC_SetPriority  stm32f4xx_hal_cortex.o
    0x08001eaa   0x08001eaa   0x00000002   PAD
    0x08001eac   0x08001eac   0x00000020   Code   RO          439    .text.HAL_NVIC_SetPriorityGrouping  stm32f4xx_hal_cortex.o
    0x08001ecc   0x08001ecc   0x00000164   Code   RO           86    .text.HAL_RCC_ClockConfig  stm32f4xx_hal_rcc.o
    0x08002030   0x08002030   0x00000070   Code   RO           88    .text.HAL_RCC_GetSysClockFreq  stm32f4xx_hal_rcc.o
    0x080020a0   0x080020a0   0x000003ac   Code   RO           84    .text.HAL_RCC_OscConfig  stm32f4xx_hal_rcc.o
    0x0800244c   0x0800244c   0x000000b0   Code   RO          216    .text.HAL_SPI_Init  stm32f4xx_hal_spi.o
    0x080024fc   0x080024fc   0x00000076   Code   RO           68    .text.HAL_SPI_MspInit  stm32f4xx_hal_msp.o
    0x08002572   0x08002572   0x00000002   PAD
    0x08002574   0x08002574   0x00000274   Code   RO          224    .text.HAL_SPI_Transmit  stm32f4xx_hal_spi.o
    0x080027e8   0x080027e8   0x00000340   Code   RO          228    .text.HAL_SPI_TransmitReceive  stm32f4xx_hal_spi.o
    0x08002b28   0x08002b28   0x0000002c   Code   RO          451    .text.HAL_SYSTICK_Config  stm32f4xx_hal_cortex.o
    0x08002b54   0x08002b54   0x00000002   Code   RO           45    .text.HardFault_Handler  stm32f4xx_it.o
    0x08002b56   0x08002b56   0x00000002   PAD
    0x08002b58   0x08002b58   0x0000009a   Code   RO          604    .text.LCD_Bus_FillColor  lcd_bus.o
    0x08002bf2   0x08002bf2   0x00000002   PAD
    0x08002bf4   0x08002bf4   0x00000036   Code   RO          596    .text.LCD_Bus_Init  lcd_bus.o
    0x08002c2a   0x08002c2a   0x00000002   PAD
    0x08002c2c   0x08002c2c   0x00000034   Code   RO          598    .text.LCD_Bus_TransferByte  lcd_bus.o
    0x08002c60   0x08002c60   0x00000030   Code   RO          600    .text.LCD_Bus_WriteByte  lcd_bus.o
    0x08002c90   0x08002c90   0x0000012c   Code   RO          650    .text.LCD_DisplayFloat  lcd_font.o
    0x08002dbc   0x08002dbc   0x00000080   Code   RO           25    .text.MX_GPIO_Init  gpio.o
    0x08002e3c   0x08002e3c   0x0000004c   Code   RO           34    .text.MX_SPI2_Init  spi.o
    0x08002e88   0x08002e88   0x00000002   Code   RO           47    .text.MemManage_Handler  stm32f4xx_it.o
    0x08002e8a   0x08002e8a   0x00000002   PAD
    0x08002e8c   0x08002e8c   0x00000002   Code   RO           43    .text.NMI_Handler   stm32f4xx_it.o
    0x08002e8e   0x08002e8e   0x00000002   PAD
    0x08002e90   0x08002e90   0x00000002   Code   RO           57    .text.PendSV_Handler  stm32f4xx_it.o
    0x08002e92   0x08002e92   0x00000002   PAD
    0x08002e94   0x08002e94   0x00000062   Code   RO          644    .text.SET_FONT_STYLE  lcd_font.o
    0x08002ef6   0x08002ef6   0x00000002   PAD
    0x08002ef8   0x08002ef8   0x00000124   Code   RO          320    .text.SPI_WaitFlagStateUntilTimeout  stm32f4xx_hal_spi.o
    0x0800301c   0x0800301c   0x00000002   Code   RO           53    .text.SVC_Handler   stm32f4xx_it.o
    0x0800301e   0x0800301e   0x00000002   PAD
    0x08003020   0x08003020   0x00000004   Code   RO           59    .text.SysTick_Handler  stm32f4xx_it.o
    0x08003024   0x08003024   0x000000a8   Code   RO           13    .text.SystemClock_Config  main.o
    0x080030cc   0x080030cc   0x00000012   Code   RO          581    .text.SystemInit    system_stm32f4xx.o
    0x080030de   0x080030de   0x00000002   PAD
    0x080030e0   0x080030e0   0x00000050   Code   RO          615    .text.TFT_SEND_CMD  lcd.o
    0x08003130   0x08003130   0x0000004e   Code   RO          617    .text.TFT_SEND_DATA  lcd.o
    0x0800317e   0x0800317e   0x00000002   PAD
    0x08003180   0x08003180   0x000000f6   Code   RO          619    .text.TFT_SET_ADD   lcd.o
    0x08003276   0x08003276   0x00000002   PAD
    0x08003278   0x08003278   0x0000005c   Code   RO          623    .text.TFT_full      lcd.o
    0x080032d4   0x080032d4   0x00000428   Code   RO          629    .text.TFT_init      lcd.o
    0x080036fc   0x080036fc   0x00000002   Code   RO           51    .text.UsageFault_Handler  stm32f4xx_it.o
    0x080036fe   0x080036fe   0x00000002   PAD
    0x08003700   0x08003700   0x0000005a   Code   RO          640    .text.W25QXX_Read   lcd_font.o
    0x0800375a   0x0800375a   0x00000006   PAD
    0x08003760   0x08003760   0x000000c0   Code   RO           11    .text.main          main.o
    0x08003820   0x08003820   0x0000003e   Code   RO          772    CL$$btod_d2e        c_w.l(btod.o)
    0x0800385e   0x0800385e   0x00000046   Code   RO          774    CL$$btod_d2e_denorm_low  c_w.l(btod.o)
    0x080038a4   0x080038a4   0x00000060   Code   RO          773    CL$$btod_d2e_norm_op1  c_w.l(btod.o)
    0x08003904   0x08003904   0x00000338   Code   RO          782    CL$$btod_div_common  c_w.l(btod.o)
    0x08003c3c   0x08003c3c   0x000000dc   Code   RO          779    CL$$btod_e2e        c_w.l(btod.o)
    0x08003d18   0x08003d18   0x0000002a   Code   RO          776    CL$$btod_ediv       c_w.l(btod.o)
    0x08003d42   0x08003d42   0x0000002a   Code   RO          775    CL$$btod_emul       c_w.l(btod.o)
    0x08003d6c   0x08003d6c   0x00000244   Code   RO          781    CL$$btod_mult_common  c_w.l(btod.o)
    0x08003fb0   0x08003fb0   0x00000030   Code   RO          802    i.__ARM_fpclassify  m_wm.l(fpclassify.o)
    0x08003fe0   0x08003fe0   0x0000000e   Code   RO          690    i._is_digit         c_w.l(__printf_wp.o)
    0x08003fee   0x08003fee   0x00000002   PAD
    0x08003ff0   0x08003ff0   0x0000002c   Code   RO          797    locale$$code        c_w.l(lc_numeric_c.o)
    0x0800401c   0x0800401c   0x0000001a   Code   RO          884    x$fpl$fpinit        fz_wm.l(fpinit.o)
    0x08004036   0x08004036   0x00000004   Code   RO          714    x$fpl$printf1       fz_wm.l(printf1.o)
    0x0800403a   0x0800403a   0x00000004   Code   RO          716    x$fpl$printf2       fz_wm.l(printf2.o)
    0x0800403e   0x0800403e   0x00000000   Code   RO          801    x$fpl$usenofp       fz_wm.l(usenofp.o)
    0x0800403e   0x0800403e   0x00000011   Data   RO          698    .constdata          c_w.l(__printf_flags_ss_wp.o)
    0x0800404f   0x0800404f   0x00000026   Data   RO          734    .constdata          c_w.l(_printf_fp_hex.o)
    0x08004075   0x08004075   0x00000003   PAD
    0x08004078   0x08004078   0x00000094   Data   RO          770    .constdata          c_w.l(bigflt0.o)
    0x0800410c   0x0800410c   0x00000010   Data   RO          586    .rodata.AHBPrescTable  system_stm32f4xx.o
    0x0800411c   0x0800411c   0x0000000a   Data   RO          654    .rodata.TAB_COLOR   lcd_font.o
    0x08004126   0x08004126   0x00000110   Data   RO          655    .rodata.UTF8_GB2312_MAP  lcd_font.o
    0x08004236   0x08004236   0x00000020   Data   RO          657    .rodata.cst16       lcd_font.o
    0x08004256   0x08004256   0x00000002   PAD
    0x08004258   0x08004258   0x00000040   Data   RO          656    .rodata.cst32       lcd_font.o
    0x08004298   0x08004298   0x00000020   Data   RO          960    Region$$Table       anon$$obj.o
    0x080042b8   0x080042b8   0x0000001c   Data   RO          796    locale$$data        c_w.l(lc_numeric_c.o)


    Execution Region RW_IRAM1 (Exec base: 0x20000000, Load base: 0x080042d8, Size: 0x00000b50, Max: 0x0001c000, ABSOLUTE)

    Exec Addr    Load Addr    Size         Type   Attr      Idx    E Section Name        Object

    0x20000000   0x080042d8   0x00000008   Data   RW          546    .data..L_MergedGlobals  stm32f4xx_hal.o
    0x20000008   0x080042e0   0x00000004   Data   RW          585    .data.SystemCoreClock  system_stm32f4xx.o
    0x2000000c   0x080042e4   0x00000004   PAD
    0x20000010        -       0x00000060   Zero   RW          805    .bss                c_w.l(libspace.o)
    0x20000070        -       0x0000007c   Zero   RW          658    .bss..L_MergedGlobals  lcd_font.o
    0x200000ec        -       0x00000058   Zero   RW           36    .bss.hspi2          spi.o
    0x20000144        -       0x00000400   Zero   RW          606    .bss.s_color_buffer  lcd_bus.o
    0x20000544        -       0x00000001   Zero   RW          631    .bss.tft_cs_is_low  lcd.o
    0x20000545   0x080042e4   0x00000003   PAD
    0x20000548        -       0x00000004   Zero   RW          545    .bss.uwTick         stm32f4xx_hal.o
    0x2000054c   0x080042e4   0x00000004   PAD
    0x20000550        -       0x00000200   Zero   RW            2    HEAP                startup_stm32f407xx.o
    0x20000750        -       0x00000400   Zero   RW            1    STACK               startup_stm32f407xx.o


    Execution Region RW_IRAM2 (Exec base: 0x2001c000, Load base: 0x080042e8, Size: 0x00000000, Max: 0x00004000, ABSOLUTE)

    **** No section assigned to this execution region ****


==============================================================================

Image component sizes


      Code (inc. data)   RO Data    RW Data    ZI Data      Debug   Object Name

       128          0          0          0          0       2149   gpio.o
      1560          0          0          0          1       6537   lcd.o
       308          0          0          0       1024       5436   lcd_bus.o
      3038          8        378          0        124      11647   lcd_font.o
       366         32          0          0          0       3596   main.o
        76          0          0          0         88       3378   spi.o
        64         26        392          0       1536        836   startup_stm32f407xx.o
       204          0          0          8          4       7326   stm32f4xx_hal.o
       162          0          0          0          0      10744   stm32f4xx_hal_cortex.o
       440          0          0          0          0       5454   stm32f4xx_hal_gpio.o
       174          0          0          0          0       4931   stm32f4xx_hal_msp.o
      1408          4          0          0          0       7653   stm32f4xx_hal_rcc.o
      1928          0          0          0          0      26249   stm32f4xx_hal_spi.o
        20          0          0          0          0       1147   stm32f4xx_it.o
        18          0         16          4          0       2615   system_stm32f4xx.o

    ----------------------------------------------------------------------
      9948         70        820         12       2788      99698   Object Totals
         0          0         32          0          0          0   (incl. Generated)
        54          0          2          0         11          0   (incl. Padding)

    ----------------------------------------------------------------------

      Code (inc. data)   RO Data    RW Data    ZI Data      Debug   Library Member Name

         8          0          0          0          0         68   __main.o
       392          4         17          0          0         92   __printf_flags_ss_wp.o
        14          0          0          0          0         68   __printf_wp.o
         0          0          0          0          0          0   __rtentry.o
        12          0          0          0          0          0   __rtentry2.o
         6          0          0          0          0          0   __rtentry4.o
        94          8          0          0          0          0   __scatter.o
        26          0          0          0          0          0   __scatter_copy.o
        28          0          0          0          0          0   __scatter_zi.o
         6          0          0          0          0          0   _printf_a.o
        48          6          0          0          0         96   _printf_char_common.o
         6          0          0          0          0          0   _printf_d.o
       120         16          0          0          0         92   _printf_dec.o
         6          0          0          0          0          0   _printf_e.o
         6          0          0          0          0          0   _printf_f.o
      1052          0          0          0          0        148   _printf_fp_dec.o
       764          8         38          0          0        100   _printf_fp_hex.o
       128         16          0          0          0         84   _printf_fp_infnan.o
         6          0          0          0          0          0   _printf_g.o
       178          0          0          0          0         88   _printf_intcommon.o
        78          0          0          0          0        108   _printf_pad.o
         0          0          0          0          0          0   _printf_percent.o
         4          0          0          0          0          0   _printf_percent_end.o
        10          0          0          0          0         68   _sputc.o
        16          0          0          0          0         68   aeabi_memset4.o
       228          4        148          0          0         96   bigflt0.o
      1936        128          0          0          0        668   btod.o
        18          0          0          0          0         80   exit.o
         6          0          0          0          0        152   heapauxi.o
         0          0          0          0          0          0   indicate_semi.o
        44         10         28          0          0         76   lc_numeric_c.o
         2          0          0          0          0          0   libinit.o
        22          0          0          0          0          0   libinit2.o
         2          0          0          0          0          0   libshutdown.o
         2          0          0          0          0          0   libshutdown2.o
         8          4          0          0         96         68   libspace.o
       138          0          0          0          0         80   lludiv10.o
       240          0          0          0          0        100   lludivv7m.o
        40          6          0          0          0         84   noretval__2sprintf.o
         8          4          0          0          0         68   rt_locale_intlibspace.o
        78          0          0          0          0         80   rt_memclr_w.o
         2          0          0          0          0          0   rtexit.o
        10          0          0          0          0          0   rtexit2.o
       124          0          0          0          0         88   strcmpv7em.o
        12          4          0          0          0         68   sys_exit.o
        74          0          0          0          0         80   sys_stackheap_outer.o
         2          0          0          0          0         68   use_no_semi.o
        26          0          0          0          0        116   fpinit.o
         4          0          0          0          0        116   printf1.o
         4          0          0          0          0        116   printf2.o
         0          0          0          0          0          0   usenofp.o
        48          0          0          0          0        124   fpclassify.o

    ----------------------------------------------------------------------
      6106        218        234          0         96       3408   Library Totals
        20          0          3          0          0          0   (incl. Padding)

    ----------------------------------------------------------------------

      Code (inc. data)   RO Data    RW Data    ZI Data      Debug   Library Name

      6004        218        231          0         96       2936   c_w.l
        34          0          0          0          0        348   fz_wm.l
        48          0          0          0          0        124   m_wm.l

    ----------------------------------------------------------------------
      6106        218        234          0         96       3408   Library Totals

    ----------------------------------------------------------------------

==============================================================================


      Code (inc. data)   RO Data    RW Data    ZI Data      Debug   

     16054        288       1054         12       2884     101154   Grand Totals
     16054        288       1054         12       2884     101154   ELF Image Totals
     16054        288       1054         12          0          0   ROM Totals

==============================================================================

    Total RO  Size (Code + RO Data)                17108 (  16.71kB)
    Total RW  Size (RW Data + ZI Data)              2896 (   2.83kB)
    Total ROM Size (Code + RO Data + RW Data)      17120 (  16.72kB)

==============================================================================

